Microchip MPLAB XC8 Compiler V1.38 ()

Linker command line:

--edf=C:\Program Files (x86)\Microchip\xc8\v1.38\dat\en_msgs.txt -cs \
  -h+dist/default/debug\Projet_MPLAB.X.debug.sym \
  --cmf=dist/default/debug\Projet_MPLAB.X.debug.cmf -z -Q18F46J50 \
  -oC:\Users\tpeea\AppData\Local\Temp\s3ic.2 \
  -Mdist/default/debug/Projet_MPLAB.X.debug.map -E1 -ver=XC8 \
  -ASTACK=048Ch-0ebfh -pstack=STACK -ACODE=00h-0FFF7h -ACONST=00h-0FFF7h \
  -ASMALLCONST=0F00h-0FFFhx240,0FF00h-0FFF7h -AMEDIUMCONST=0F00h-0FFF7h \
  -ACOMRAM=01h-05Fh -AABS1=00h-0EBFh -ABIGRAM=01h-0EBFh \
  -ARAM=060h-0FFh,0100h-01FFhx13,0E00h-0EBFh -ABANK0=060h-0FFh \
  -ABANK1=0100h-01FFh -ABANK2=0200h-02FFh -ABANK3=0300h-03FFh \
  -ABANK4=0400h-04FFh -ABANK5=0500h-05FFh -ABANK6=0600h-06FFh \
  -ABANK7=0700h-07FFh -ABANK8=0800h-08FFh -ABANK9=0900h-09FFh \
  -ABANK10=0A00h-0AFFh -ABANK11=0B00h-0BFFh -ABANK12=0C00h-0CFFh \
  -ABANK13=0D00h-0DFFh -ABANK14=0E00h-0EBFh \
  -ASFR=0EC0h-0EFFh,0F00h-0F5Fh,0F60h-0FFCh \
  -preset_vec=00h,intcode=08h,intcodelo,powerup,init,end_init \
  -pramtop=0F00h -psmallconst=SMALLCONST -pmediumconst=MEDIUMCONST \
  -pconst=CONST -AFARRAM=00h-00h -ACONFIG=0FFF8h-0FFFFh -pconfig=CONFIG \
  -pjflash_buffer=0F800h \
  -prdata=COMRAM,nvrram=COMRAM,nvbit=COMRAM,rbss=COMRAM,rbit=COMRAM \
  -pfarbss=FARRAM,fardata=FARRAM,nvFARRAM=FARRAM \
  -pintsave_regs=BIGRAM,bigbss=BIGRAM,bigdata=BIGRAM -pbss=RAM \
  -pidata=CODE,irdata=CODE,ibigdata=CODE,ifardata=CODE -prparam=COMRAM \
  C:\Users\tpeea\AppData\Local\Temp\s3ic.obj \
  dist/default/debug\Projet_MPLAB.X.debug.obj 

Object code version is 3.11

Machine type is 18F46J50

Call graph: (short form)




                Name                               Link     Load   Length Selector   Space Scale
C:\Users\tpeea\AppData\Local\Temp\s3ic.obj
                end_init                            1F2      1F2        4        4       0
                reset_vec                             0        0        6        0       0
                config                             FFF8     FFF8        8     FFF8       0
dist/default/debug\Projet_MPLAB.X.debug.obj
                intcode                               8        8      1EA        4       0
                temp                                 55       55        1        1       1
                mediumconst                        FE40     FE40      1B8     7F20       0
                text71                             5816     5816       56        4       0
                text70                             52AE     52AE       8C        4       0
                text69                             4C70     4C70       B0        4       0
                text68                             5C5C     5C5C       18        4       0
                text67                             5C2A     5C2A       1A        4       0
                text66                             5CC4     5CC4        A        4       0
                text65                             58C0     58C0       52        4       0
                text64                             5B46     5B46       2A        4       0
                text63                             5B70     5B70       28        4       0
                text61                             5BF4     5BF4       1C        4       0
                text60                             5CE0     5CE0        8        4       0
                text59                             496A     496A       CC        4       0
                text58                             533A     533A       88        4       0
                text57                             59A0     59A0       40        4       0
                text56                             4782     4782      102        4       0
                text55                             55B6     55B6       70        4       0
                text54                             595C     595C       44        4       0
                text53                             4BB6     4BB6       BA        4       0
                text52                             2214     2214      6D2        4       0
                text51                             5BD8     5BD8       1C        4       0
                text50                             57B4     57B4       62        4       0
                text49                             5ABE     5ABE       32        4       0
                text48                             586C     586C       54        4       0
                text47                             5CBA     5CBA        A        4       0
                text46                             568C     568C       64        4       0
                text45                             5A88     5A88       36        4       0
                text44                             3D50     3D50      2B4        4       0
                text43                             5626     5626       66        4       0
                text42                             28E6     28E6      4BA        4       0
                text41                             4E74     4E74       AA        4       0
                text40                             4884     4884       E6        4       0
                text39                             2DA0     2DA0      4B8        4       0
                text38                             5220     5220       8E        4       0
                text37                              1F6      1F6     1542        4       0
                text36                             5C9C     5C9C       10        4       0
                text35                             5CAC     5CAC        E        4       0
                text34                             5192     5192       8E        4       0
                text33                             59E0     59E0       3C        4       0
                text32                             5540     5540       76        4       0
                text31                             4DCA     4DCA       AA        4       0
                text30                             5BBC     5BBC       1C        4       0
                text29                             53C2     53C2       84        4       0
                text28                             5100     5100       92        4       0
                text27                             3258     3258      442        4       0
                text26                             54C8     54C8       78        4       0
                text25                             5752     5752       62        4       0
                text24                             5A52     5A52       36        4       0
                text23                             5B1C     5B1C       2A        4       0
                text22                             1738     1738      ADC        4       0
                text21                             4004     4004      286        4       0
                text20                             5CEA     5CEA        2        4       0
                text19                             5A1C     5A1C       36        4       0
                text18                             4A36     4A36       C2        4       0
                text17                             5C8A     5C8A       12        4       0
                text16                             4AF8     4AF8       BE        4       0
                text15                             4F1E     4F1E       A2        4       0
                text14                             5060     5060       A0        4       0
                text13                             56F0     56F0       62        4       0
                text12                             5AF0     5AF0       2C        4       0
                text11                             5B98     5B98       24        4       0
                text10                             428A     428A      234        4       0
                text9                              3A9C     3A9C      2B4        4       0
                text8                              369A     369A      402        4       0
                text7                              5C74     5C74       16        4       0
                text6                              5912     5912       4A        4       0
                text5                              462E     462E      154        4       0
                text4                              5446     5446       82        4       0
                text3                              4FC0     4FC0       A0        4       0
                text2                              44BE     44BE      170        4       0
                text1                              5C44     5C44       18        4       0
                text0                              5C10     5C10       1A        4       0
                cstackCOMRAM                          1        1       2A        1       1
                cstackBANK0                          60       60       9C       60       1
                cstackBANK1                         193      193       5C      100       1
                bssBANK4                            400      400       8C      400       1
                bssBANK3                            300      300       A0      300       1
                dataBANK2                           2A5      2A5        9      200       1
                bssBANK2                            200      200       A5      200       1
                dataBANK1                           1EF      1EF        9      100       1
                bssBANK1                            100      100       93      100       1
                bssBANK0                             FC       FC        3       60       1
                dataCOMRAM                           53       53        2        1       1
                bssCOMRAM                            2B       2B       28        1       1
                cinit                              4D20     4D20       AA        4       0
                idataBANK2                         5CD7     5CD7        9        4       0
                idataBANK1                         5CCE     5CCE        9        4       0
                idataCOMRAM                        5CE8     5CE8        2        4       0

TOTAL           Name                               Link     Load   Length     Space
        CLASS   STACK          

        CLASS   CODE           
                end_init                            1F2      1F2        4         0
                intcode                               8        8      1EA         0
                reset_vec                             0        0        6         0
                text71                             5816     5816       56         0
                text70                             52AE     52AE       8C         0
                text69                             4C70     4C70       B0         0
                text68                             5C5C     5C5C       18         0
                text67                             5C2A     5C2A       1A         0
                text66                             5CC4     5CC4        A         0
                text65                             58C0     58C0       52         0
                text64                             5B46     5B46       2A         0
                text63                             5B70     5B70       28         0
                text61                             5BF4     5BF4       1C         0
                text60                             5CE0     5CE0        8         0
                text59                             496A     496A       CC         0
                text58                             533A     533A       88         0
                text57                             59A0     59A0       40         0
                text56                             4782     4782      102         0
                text55                             55B6     55B6       70         0
                text54                             595C     595C       44         0
                text53                             4BB6     4BB6       BA         0
                text52                             2214     2214      6D2         0
                text51                             5BD8     5BD8       1C         0
                text50                             57B4     57B4       62         0
                text49                             5ABE     5ABE       32         0
                text48                             586C     586C       54         0
                text47                             5CBA     5CBA        A         0
                text46                             568C     568C       64         0
                text45                             5A88     5A88       36         0
                text44                             3D50     3D50      2B4         0
                text43                             5626     5626       66         0
                text42                             28E6     28E6      4BA         0
                text41                             4E74     4E74       AA         0
                text40                             4884     4884       E6         0
                text39                             2DA0     2DA0      4B8         0
                text38                             5220     5220       8E         0
                text37                              1F6      1F6     1542         0
                text36                             5C9C     5C9C       10         0
                text35                             5CAC     5CAC        E         0
                text34                             5192     5192       8E         0
                text33                             59E0     59E0       3C         0
                text32                             5540     5540       76         0
                text31                             4DCA     4DCA       AA         0
                text30                             5BBC     5BBC       1C         0
                text29                             53C2     53C2       84         0
                text28                             5100     5100       92         0
                text27                             3258     3258      442         0
                text26                             54C8     54C8       78         0
                text25                             5752     5752       62         0
                text24                             5A52     5A52       36         0
                text23                             5B1C     5B1C       2A         0
                text22                             1738     1738      ADC         0
                text21                             4004     4004      286         0
                text20                             5CEA     5CEA        2         0
                text19                             5A1C     5A1C       36         0
                text18                             4A36     4A36       C2         0
                text17                             5C8A     5C8A       12         0
                text16                             4AF8     4AF8       BE         0
                text15                             4F1E     4F1E       A2         0
                text14                             5060     5060       A0         0
                text13                             56F0     56F0       62         0
                text12                             5AF0     5AF0       2C         0
                text11                             5B98     5B98       24         0
                text10                             428A     428A      234         0
                text9                              3A9C     3A9C      2B4         0
                text8                              369A     369A      402         0
                text7                              5C74     5C74       16         0
                text6                              5912     5912       4A         0
                text5                              462E     462E      154         0
                text4                              5446     5446       82         0
                text3                              4FC0     4FC0       A0         0
                text2                              44BE     44BE      170         0
                text1                              5C44     5C44       18         0
                text0                              5C10     5C10       1A         0
                cinit                              4D20     4D20       AA         0
                idataBANK2                         5CD7     5CD7        9         0
                idataBANK1                         5CCE     5CCE        9         0
                idataCOMRAM                        5CE8     5CE8        2         0

        CLASS   CONST          

        CLASS   SMALLCONST     

        CLASS   MEDIUMCONST    
                mediumconst                        FE40     FE40      1B8         0

        CLASS   COMRAM         
                temp                                 55       55        1         1
                cstackCOMRAM                          1        1       2A         1
                dataCOMRAM                           53       53        2         1
                bssCOMRAM                            2B       2B       28         1

        CLASS   ABS1           

        CLASS   BIGRAM         

        CLASS   RAM            

        CLASS   BANK0          
                cstackBANK0                          60       60       9C         1
                bssBANK0                             FC       FC        3         1

        CLASS   BANK1          
                cstackBANK1                         193      193       5C         1
                dataBANK1                           1EF      1EF        9         1
                bssBANK1                            100      100       93         1

        CLASS   BANK2          
                dataBANK2                           2A5      2A5        9         1
                bssBANK2                            200      200       A5         1

        CLASS   BANK3          
                bssBANK3                            300      300       A0         1

        CLASS   BANK4          
                bssBANK4                            400      400       8C         1

        CLASS   BANK5          

        CLASS   BANK6          

        CLASS   BANK7          

        CLASS   BANK8          

        CLASS   BANK9          

        CLASS   BANK10         

        CLASS   BANK11         

        CLASS   BANK12         

        CLASS   BANK13         

        CLASS   BANK14         

        CLASS   SFR            

        CLASS   FARRAM         

        CLASS   CONFIG         
                config                             FFF8     FFF8        8         0

        CLASS   IDLOC          



SEGMENTS        Name                           Load    Length   Top    Selector   Space  Class

                reset_vec                      000000  000006  000006         0       0  CODE    
                cstackCOMRAM                   000001  000055  000056         1       1  COMRAM  
                intcode                        000008  005CE4  005CEC         4       0  CODE    
                cstackBANK0                    000060  00009F  0000FF        60       1  BANK0   
                bssBANK1                       000100  0000F8  0001F8       100       1  BANK1   
                bssBANK2                       000200  0000AE  0002AE       200       1  BANK2   
                bssBANK3                       000300  0000A0  0003A0       300       1  BANK3   
                bssBANK4                       000400  00008C  00048C       400       1  BANK4   
                mediumconst                    00FE40  0001B8  00FFF8      7F20       0  MEDIUMCO
                config                         00FFF8  000008  010000      FFF8       0  CONFIG  


UNUSED ADDRESS RANGES

        Name                Unused          Largest block    Delta
        BANK0            000FF-000FF               1
        BANK1            001F8-001FF               8
        BANK10           00A00-00AFF             100
        BANK11           00B00-00BFF             100
        BANK12           00C00-00CFF             100
        BANK13           00D00-00DFF             100
        BANK14           00E00-00EBF              C0
        BANK2            002AE-002FF              52
        BANK3            003A0-003FF              60
        BANK4            0048C-004FF              74
        BANK5            00500-005FF             100
        BANK6            00600-006FF             100
        BANK7            00700-007FF             100
        BANK8            00800-008FF             100
        BANK9            00900-009FF             100
        BIGRAM           00056-0005F               A
                         000FF-000FF               1
                         001F8-001FF               8
                         002AE-002FF              52
                         003A0-003FF              60
                         0048C-00EBF             A34
        CODE             00006-00007               2
                         05CEC-0FE3F            A154
        COMRAM           00056-0005F               A
        CONST            00006-00007               2
                         05CEC-0FE3F            A154
        MEDIUMCONST      05CEC-0FE3F            A154
        RAM              000FF-000FF               1
                         001F8-001FF               8
                         002AE-002FF              52
                         003A0-003FF              60
                         0048C-00EBF             100
        SFR              00EC0-00FFC              60
        SMALLCONST       05CEC-0FE3F             100
        STACK            0048C-00EBF             A34

                                  Symbol Table

?_MiWi_TickGet                            cstackBANK0   00060
?___awdiv                                 cstackBANK0   00060
?___awmod                                 cstackBANK0   00060
?___lmul                                  cstackBANK0   00060
?___lwdiv                                 cstackBANK0   00060
?___lwmod                                 cstackBANK0   00067
?___wmul                                  cstackBANK0   00060
?_sprintf                                 cstackBANK0   0006C
?i2___lmul                                cstackCOMRAM  00001
AddNodeToNetworkTable@handle              cstackBANK0   00069
AddNodeToNetworkTable@i                   cstackBANK0   00068
BroadcastJitter@jitter                    cstackBANK0   0007B
BroadcastJitter@range                     cstackBANK0   0007A
BroadcastJitter@t1                        cstackBANK0   00072
BroadcastJitter@t2                        cstackBANK0   00076
DELAY_ms@cyclesRequiredForEntireDelay     cstackBANK0   0006E
DELAY_ms@ms                               cstackBANK0   0006C
I2CWrite@BufferLen                        cstackBANK0   00060
I2CWrite@Commandlen                       cstackBANK0   00061
InitMRF24J40@_dcnt                        cstackBANK0   0006B
InitMRF24J40@_dcnt_3334                   cstackBANK0   0006F
InitMRF24J40@_ms                          cstackBANK0   00073
InitMRF24J40@_ms_3335                     cstackBANK0   00077
InitMRF24J40@i                            cstackBANK0   0007D
InitMRF24J40@j                            cstackBANK0   0007B
MiApp_ConnectionMode@Mode                 cstackBANK0   00061
MiApp_EstablishConnection@ActiveScanIndex cstackBANK1   001A4
MiApp_EstablishConnection@Mode            cstackBANK0   000F9
MiApp_EstablishConnection@retry           cstackBANK1   001A3
MiApp_EstablishConnection@t1              cstackBANK1   0019B
MiApp_EstablishConnection@t2              cstackBANK1   0019F
MiApp_ProtocolInit@MIP                    cstackBANK0   00084
MiApp_ProtocolInit@bNetworkFreezer        cstackBANK0   00083
MiApp_ProtocolInit@i                      cstackBANK0   00087
MiApp_SearchConnection@ChannelMap         cstackBANK0   000D9
MiApp_SearchConnection@ScanDuration       cstackBANK0   000F6
MiApp_SearchConnection@backupChannel      cstackBANK0   000F7
MiApp_SearchConnection@channelMask        cstackBANK0   000EA
MiApp_SearchConnection@i                  cstackBANK0   000F8
MiApp_SearchConnection@t1                 cstackBANK0   000EE
MiApp_SearchConnection@t2                 cstackBANK0   000F2
MiApp_SetChannel@channel                  cstackBANK0   0006A
MiApp_StartConnection@ChannelMap          cstackBANK0   0006A
MiApp_StartConnection@Mode                cstackBANK0   0006F
MiApp_StartConnection@ScanDuration        cstackBANK0   00069
MiApp_UnicastAddress@DestAddress          cstackBANK0   000D9
MiApp_UnicastAddress@MiWiFrameControl     cstackBANK0   000F5
MiApp_UnicastAddress@PermanentAddr        cstackBANK0   000DB
MiApp_UnicastAddress@SecEn                cstackBANK0   000DC
MiApp_UnicastAddress@handle               cstackBANK0   000F7
MiApp_UnicastAddress@i                    cstackBANK0   000F6
MiApp_UnicastAddress@t1                   cstackBANK0   000E5
MiApp_UnicastAddress@t1_2925              cstackBANK0   000ED
MiApp_UnicastAddress@t2                   cstackBANK0   000E9
MiApp_UnicastAddress@t2_2936              cstackBANK0   000F1
MiMAC_Init@i                              cstackBANK0   00081
MiMAC_Init@initValue                      cstackBANK0   0007E
MiMAC_ReceivedPacket@addrMode             cstackBANK0   00066
MiMAC_ReceivedPacket@bIntraPAN            cstackBANK0   00068
MiMAC_ReceivedPacket@i                    cstackBANK0   00067
MiMAC_SendPacket@IntraPAN                 cstackBANK0   00098
MiMAC_SendPacket@MACPayload               cstackBANK0   00085
MiMAC_SendPacket@MACPayloadLen            cstackBANK0   00087
MiMAC_SendPacket@frameControl             cstackBANK0   00099
MiMAC_SendPacket@headerLength             cstackBANK0   0009A
MiMAC_SendPacket@i                        cstackBANK0   0009B
MiMAC_SendPacket@loc                      cstackBANK0   0009C
MiMAC_SendPacket@t1                       cstackBANK0   00090
MiMAC_SendPacket@t2                       cstackBANK0   00094
MiMAC_SendPacket@transParam               cstackBANK0   0007E
MiMAC_SetAltAddress@Address               cstackBANK0   00065
MiMAC_SetAltAddress@PANID                 cstackBANK0   00067
MiMAC_SetChannel@channel                  cstackBANK0   00069
MiMAC_SetChannel@offsetFreq               cstackBANK0   00068
MiWiTasks@CapacityByte                    cstackBANK0   000CB
MiWiTasks@CoordAddress                    cstackBANK0   000BC
MiWiTasks@associateStatus                 cstackBANK0   000C0
MiWiTasks@cIndex                          cstackBANK0   000C8
MiWiTasks@coordinatorNumber               cstackBANK0   000C5
MiWiTasks@destPANID                       cstackBANK0   000CD
MiWiTasks@destShortAddress                cstackBANK0   000D0
MiWiTasks@entry                           cstackBANK0   000BF
MiWiTasks@handle                          cstackBANK0   000D4
MiWiTasks@i                               cstackBANK0   000D8
MiWiTasks@j                               cstackBANK0   000D7
MiWiTasks@j_2682                          cstackBANK0   000CC
MiWiTasks@j_2734                          cstackBANK0   000CF
MiWiTasks@j_2745                          cstackBANK0   000C6
MiWiTasks@j_2746                          cstackBANK0   000C9
MiWiTasks@mask                            cstackBANK0   000BE
MiWiTasks@rxIndex                         cstackBANK0   000CA
MiWiTasks@sourcePANID                     cstackBANK0   000D2
MiWiTasks@sourceShortAddress              cstackBANK0   000D5
MiWiTasks@t1                              cstackBANK0   000C1
MiWiTasks@t2                              cstackBANK0   000B8
MiWi_TickGet@currentTime                  cstackBANK0   00066
MiWi_TickGet@failureCounter               cstackBANK0   00065
OpenSocket@i                              cstackBANK0   000F8
PHYGetLongRAMAddr@address                 cstackBANK0   00062
PHYGetLongRAMAddr@tmpRFIE                 cstackBANK0   00067
PHYGetLongRAMAddr@toReturn                cstackBANK0   00066
PHYGetShortRAMAddr@address                cstackBANK0   00062
PHYGetShortRAMAddr@tmpRFIE                cstackBANK0   00064
PHYGetShortRAMAddr@toReturn               cstackBANK0   00063
PHYSetLongRAMAddr@address                 cstackBANK0   00062
PHYSetLongRAMAddr@tmpRFIE                 cstackBANK0   00067
PHYSetLongRAMAddr@value                   cstackBANK0   00064
PHYSetShortRAMAddr@address                cstackBANK0   00063
PHYSetShortRAMAddr@tmpRFIE                cstackBANK0   00064
PHYSetShortRAMAddr@value                  cstackBANK0   00062
RouteMessage@PANID                        cstackBANK0   000A4
RouteMessage@SecEn                        cstackBANK0   000A8
RouteMessage@ShortAddress                 cstackBANK0   000A6
RouteMessage@i                            cstackBANK0   000AD
RouteMessage@parentNode                   cstackBANK0   000AC
SPIPut@i                                  cstackBANK0   00060
SPIPut@v                                  cstackBANK0   00061
SearchForLongAddress@i                    cstackBANK0   00065
SearchForLongAddress@j                    cstackBANK0   00064
SearchForShortAddress@i                   cstackBANK0   00062
SendMACPacket@Address                     cstackBANK0   0009F
SendMACPacket@ModeMask                    cstackBANK0   000A2
SendMACPacket@PANID                       cstackBANK0   0009D
SendMACPacket@PacketType                  cstackBANK0   000A1
TX@adr1                                   cstackBANK1   001ED
TX@adr2                                   cstackBANK1   001EE
TX@i                                      cstackBANK1   001E7
TX@i_1846                                 cstackBANK1   001E9
TX@myMessage                              cstackBANK1   00193
TX@myMessage_1845                         cstackBANK1   001BB
TX@my_adr                                 cstackBANK1   001EB
TX@pt_user1                               cstackBANK1   001E3
TX@pt_user2                               cstackBANK1   001E5
UnicastShortAddress@DestAddress           cstackBANK0   000AE
_ANCON0                                   (abs)         00F48
_ANCON1                                   (abs)         00F49
_AcknowledgementAddr                      bssBANK1      00131
_AcknowledgementSeq                       dataBANK1     001EF
_ActiveScanResultIndex                    bssCOMRAM     0003F
_ActiveScanResults                        bssBANK4      00400
_AddNodeToNetworkTable                    text56        04782
_BAUDCON1bits                             (abs)         00F7E
_BankIndex                                dataCOMRAM    00053
_BroadcastJitter                          text53        04BB6
_BroadcastRecords                         bssBANK2      00200
_CommandLen                               bssCOMRAM     00040
_CommandPtr                               bssCOMRAM     00041
_ConnMode                                 bssCOMRAM     00042
_ConnectionTable                          bssBANK2      00220
_DELAY_ms                                 text31        04DCA
_EECON2                                   (abs)         00FA7
_I2CTask                                  text69        04C70
_I2CWrite                                 text30        05BBC
_IEEESeqNum                               bssBANK1      0013D
_INTCON                                   (abs)         00FF2
_INTCON2bits                              (abs)         00FF1
_INTCON3bits                              (abs)         00FF0
_INTCONbits                               (abs)         00FF2
_InitMRF24J40                             text44        03D50
_InitSymbolTimer                          text7         05C74
_LATA                                     (abs)         00F89
_LATB                                     (abs)         00F8A
_LATBbits                                 (abs)         00F8A
_LATCbits                                 (abs)         00F8B
_LATD                                     (abs)         00F8C
_LATDbits                                 (abs)         00F8C
_LATE                                     (abs)         00F8D
_LCDCommand                               bssBANK1      00122
_LCDText                                  bssBANK2      0027B
_LCD_Initialize                           text29        053C2
_MACCurrentChannel                        bssBANK1      0013E
_MACInitParams                            bssBANK1      0012E
_MACRxPacket                              bssCOMRAM     0002B
_MAC_PANID                                bssCOMRAM     0004A
_MRF24J40Status                           bssCOMRAM     00043
_MTP                                      bssCOMRAM     00036
_MiApp_ConnectionMode                     text12        05AF0
_MiApp_DiscardMessage                     text60        05CE0
_MiApp_EstablishConnection                text8         0369A
_MiApp_MessageAvailable                   text36        05C9C
_MiApp_ProtocolInit                       text5         0462E
_MiApp_SearchConnection                   text10        0428A
_MiApp_SetChannel                         text11        05B98
_MiApp_StartConnection                    text4         05446
_MiApp_UnicastAddress                     text27        03258
_MiMAC_DiscardPacket                      text61        05BF4
_MiMAC_Init                               text6         05912
_MiMAC_ReceivedPacket                     text52        02214
_MiMAC_SendPacket                         text42        028E6
_MiMAC_SetAltAddress                      text43        05626
_MiMAC_SetChannel                         text48        0586C
_MiWiAckRequired                          bssBANK1      0013F
_MiWiCapacityInfo                         bssBANK1      00140
_MiWiSeqNum                               bssCOMRAM     00044
_MiWiStateMachine                         bssCOMRAM     0003D
_MiWiTasks                                text37        001F6
_MiWi_TickGet                             text55        055B6
_OSCCON                                   (abs)         00FD3
_OSCTUNEbits                              (abs)         00F9B
_OpenSocket                               text9         03A9C
_PHYGetLongRAMAddr                        text46        0568C
_PHYGetShortRAMAddr                       text45        05A88
_PHYSetLongRAMAddr                        text50        057B4
_PHYSetShortRAMAddr                       text49        05ABE
_PIE1bits                                 (abs)         00F9D
_PIE3bits                                 (abs)         00FA3
_PIR1bits                                 (abs)         00F9E
_PIR3bits                                 (abs)         00FA4
_PORTBbits                                (abs)         00F81
_PPSCONbits                               (abs)         00EFF
_RCREG2                                   (abs)         00FAA
_RCSTA2                                   (abs)         00F9C
_RCSTA2bits                               (abs)         00F9C
_RPINR1                                   (abs)         00EE7
_RPINR16                                  (abs)         00EF6
_RPOR17                                   (abs)         00ED7
_RX                                       text33        059E0
_RouteMessage                             text39        02DA0
_RouterFailures                           bssBANK1      0010A
_RoutingTable                             bssBANK1      00112
_RxBuffer                                 bssBANK3      00300
_SPBRG2                                   (abs)         00FAB
_SPBRGH2                                  (abs)         00F7D
_SPIGet                                   text47        05CBA
_SPIPut                                   text51        05BD8
_SSP1BUF                                  (abs)         00FC9
_SSP1CON1                                 (abs)         00FC6
_SSP1CON1bits                             (abs)         00FC6
_SSP1STAT                                 (abs)         00FC7
_SSP2ADD                                  (abs)         00F74
_SSP2BUF                                  (abs)         00F75
_SSP2CON1                                 (abs)         00F72
_SSP2CON1bits                             (abs)         00F72
_SSP2CON2                                 (abs)         00F71
_SSP2CON2bits                             (abs)         00F71
_SSP2STAT                                 (abs)         00F73
_SYSTEM_Initialize                        text28        05100
_ScanTime                                 mediumconst   0FE41
_SearchForLongAddress                     text59        0496A
_SearchForShortAddress                    text58        0533A
_SendBeacon                               text40        04884
_SendMACPacket                            text41        04E74
_T1CON                                    (abs)         00FCD
_T1CONbits                                (abs)         00FCD
_TMR0L                                    (abs)         00FD6
_TMR1H                                    (abs)         00FCF
_TMR1L                                    (abs)         00FCE
_TRISA                                    (abs)         00F92
_TRISAbits                                (abs)         00F92
_TRISB                                    (abs)         00F93
_TRISBbits                                (abs)         00F93
_TRISC                                    (abs)         00F94
_TRISCbits                                (abs)         00F94
_TRISD                                    (abs)         00F95
_TRISDbits                                (abs)         00F95
_TRISE                                    (abs)         00F96
_TX                                       text21        04004
_TXREG2                                   (abs)         00FA9
_TXSTA2                                   (abs)         00FA8
_TXSTA2bits                               (abs)         00FA8
_TextLen                                  bssCOMRAM     00045
_TextPtr                                  bssCOMRAM     00046
_TxBuffer                                 bssBANK1      00144
_TxData                                   bssBANK1      00141
_UnicastShortAddress                      text38        05220
_UserInterruptHandler                     text68        05C5C
_WDTCONbits                               (abs)         00FC0
__CFG_CP0$OFF                             (abs)         00000
__CFG_CPUDIV$OSC3_PLL3                    (abs)         00000
__CFG_DSBOREN$ON                          (abs)         00000
__CFG_DSWDTEN$ON                          (abs)         00000
__CFG_DSWDTOSC$INTOSCREF                  (abs)         00000
__CFG_DSWDTPS$G2                          (abs)         00000
__CFG_FCMEN$ON                            (abs)         00000
__CFG_IESO$ON                             (abs)         00000
__CFG_IOL1WAY$ON                          (abs)         00000
__CFG_LPT1OSC$OFF                         (abs)         00000
__CFG_MSSP7B_EN$MSK7                      (abs)         00000
__CFG_OSC$HSPLL                           (abs)         00000
__CFG_PLLDIV$2                            (abs)         00000
__CFG_RTCOSC$T1OSCREF                     (abs)         00000
__CFG_STVREN$ON                           (abs)         00000
__CFG_T1DIG$ON                            (abs)         00000
__CFG_WDTEN$OFF                           (abs)         00000
__CFG_WDTPS$32768                         (abs)         00000
__CFG_WPCFG$OFF                           (abs)         00000
__CFG_WPDIS$OFF                           (abs)         00000
__CFG_WPEND$PAGE_WPFP                     (abs)         00000
__CFG_WPFP$PAGE_63                        (abs)         00000
__CFG_XINST$OFF                           (abs)         00000
__HRAM                                    (abs)         00000
__Habs1                                   abs1          00000
__Hbank0                                  bank0         00000
__Hbank1                                  bank1         00000
__Hbank10                                 bank10        00000
__Hbank11                                 bank11        00000
__Hbank12                                 bank12        00000
__Hbank13                                 bank13        00000
__Hbank14                                 bank14        00000
__Hbank2                                  bank2         00000
__Hbank3                                  bank3         00000
__Hbank4                                  bank4         00000
__Hbank5                                  bank5         00000
__Hbank6                                  bank6         00000
__Hbank7                                  bank7         00000
__Hbank8                                  bank8         00000
__Hbank9                                  bank9         00000
__Hbigbss                                 bigbss        00000
__Hbigdata                                bigdata       00000
__Hbigram                                 bigram        00000
__Hbss                                    bss           00000
__HbssBANK0                               bssBANK0      00000
__HbssBANK1                               bssBANK1      00000
__HbssBANK2                               bssBANK2      00000
__HbssBANK3                               bssBANK3      00000
__HbssBANK4                               bssBANK4      00000
__HbssCOMRAM                              bssCOMRAM     00000
__Hcinit                                  cinit         00000
__Hclrtext                                clrtext       00000
__Hcomram                                 comram        00000
__Hconfig                                 config        10000
__Hconst                                  const         00000
__HcstackBANK0                            cstackBANK0   00000
__HcstackBANK1                            cstackBANK1   00000
__HcstackCOMRAM                           cstackCOMRAM  00000
__Hdata                                   data          00000
__HdataBANK1                              dataBANK1     00000
__HdataBANK2                              dataBANK2     00000
__HdataCOMRAM                             dataCOMRAM    00000
__Hend_init                               end_init      001F6
__Hfarbss                                 farbss        00000
__Hfardata                                fardata       00000
__Hibigdata                               ibigdata      00000
__Hidata                                  idata         00000
__HidataBANK1                             idataBANK1    00000
__HidataBANK2                             idataBANK2    00000
__HidataCOMRAM                            idataCOMRAM   00000
__Hidloc                                  idloc         00000
__Hifardata                               ifardata      00000
__Hinit                                   init          001F2
__Hintcode                                intcode       001F2
__Hintcode_body                           intcode_body  00000
__Hintcodelo                              intcodelo     001F2
__Hintentry                               intentry      00000
__Hintret                                 intret        00000
__Hintsave_regs                           intsave_regs  00000
__Hirdata                                 irdata        00000
__Hjflash_buffer                          jflash_buffer 0F800
__Hmediumconst                            mediumconst   0FFF8
__HnvFARRAM                               nvFARRAM      00000
__Hnvbit                                  nvbit         00000
__Hnvrram                                 nvrram        00000
__Hparam                                  rparam        00000
__Hpowerup                                powerup       001F2
__Hram                                    ram           00000
__Hramtop                                 ramtop        00F00
__Hrbit                                   rbit          00000
__Hrbss                                   rbss          00000
__Hrdata                                  rdata         00000
__Hreset_vec                              reset_vec     00006
__Hrparam                                 rparam        00000
__Hsfr                                    sfr           00000
__Hsmallconst                             smallconst    00000
__Hspace_0                                (abs)         10000
__Hspace_1                                (abs)         0048C
__Hspace_2                                (abs)         00000
__Hstack                                  stack         00000
__Hstruct                                 struct        00000
__Htemp                                   temp          00056
__Htext                                   text          00000
__Htext0                                  text0         00000
__Htext1                                  text1         00000
__Htext10                                 text10        00000
__Htext11                                 text11        00000
__Htext12                                 text12        00000
__Htext13                                 text13        00000
__Htext14                                 text14        00000
__Htext15                                 text15        00000
__Htext16                                 text16        00000
__Htext17                                 text17        00000
__Htext18                                 text18        00000
__Htext19                                 text19        00000
__Htext2                                  text2         00000
__Htext20                                 text20        00000
__Htext21                                 text21        00000
__Htext22                                 text22        00000
__Htext23                                 text23        00000
__Htext24                                 text24        00000
__Htext25                                 text25        00000
__Htext26                                 text26        00000
__Htext27                                 text27        00000
__Htext28                                 text28        00000
__Htext29                                 text29        00000
__Htext3                                  text3         00000
__Htext30                                 text30        00000
__Htext31                                 text31        00000
__Htext32                                 text32        00000
__Htext33                                 text33        00000
__Htext34                                 text34        00000
__Htext35                                 text35        00000
__Htext36                                 text36        00000
__Htext37                                 text37        00000
__Htext38                                 text38        00000
__Htext39                                 text39        00000
__Htext4                                  text4         00000
__Htext40                                 text40        00000
__Htext41                                 text41        00000
__Htext42                                 text42        00000
__Htext43                                 text43        00000
__Htext44                                 text44        00000
__Htext45                                 text45        00000
__Htext46                                 text46        00000
__Htext47                                 text47        00000
__Htext48                                 text48        00000
__Htext49                                 text49        00000
__Htext5                                  text5         00000
__Htext50                                 text50        00000
__Htext51                                 text51        00000
__Htext52                                 text52        00000
__Htext53                                 text53        00000
__Htext54                                 text54        00000
__Htext55                                 text55        00000
__Htext56                                 text56        00000
__Htext57                                 text57        00000
__Htext58                                 text58        00000
__Htext59                                 text59        00000
__Htext6                                  text6         00000
__Htext60                                 text60        00000
__Htext61                                 text61        00000
__Htext63                                 text63        00000
__Htext64                                 text64        00000
__Htext65                                 text65        00000
__Htext66                                 text66        00000
__Htext67                                 text67        00000
__Htext68                                 text68        00000
__Htext69                                 text69        00000
__Htext7                                  text7         00000
__Htext70                                 text70        00000
__Htext71                                 text71        00000
__Htext8                                  text8         00000
__Htext9                                  text9         00000
__LRAM                                    (abs)         00001
__Labs1                                   abs1          00000
__Lbank0                                  bank0         00000
__Lbank1                                  bank1         00000
__Lbank10                                 bank10        00000
__Lbank11                                 bank11        00000
__Lbank12                                 bank12        00000
__Lbank13                                 bank13        00000
__Lbank14                                 bank14        00000
__Lbank2                                  bank2         00000
__Lbank3                                  bank3         00000
__Lbank4                                  bank4         00000
__Lbank5                                  bank5         00000
__Lbank6                                  bank6         00000
__Lbank7                                  bank7         00000
__Lbank8                                  bank8         00000
__Lbank9                                  bank9         00000
__Lbigbss                                 bigbss        00000
__Lbigdata                                bigdata       00000
__Lbigram                                 bigram        00000
__Lbss                                    bss           00000
__LbssBANK0                               bssBANK0      00000
__LbssBANK1                               bssBANK1      00000
__LbssBANK2                               bssBANK2      00000
__LbssBANK3                               bssBANK3      00000
__LbssBANK4                               bssBANK4      00000
__LbssCOMRAM                              bssCOMRAM     00000
__Lcinit                                  cinit         00000
__Lclrtext                                clrtext       00000
__Lcomram                                 comram        00000
__Lconfig                                 config        0FFF8
__Lconst                                  const         00000
__LcstackBANK0                            cstackBANK0   00000
__LcstackBANK1                            cstackBANK1   00000
__LcstackCOMRAM                           cstackCOMRAM  00000
__Ldata                                   data          00000
__LdataBANK1                              dataBANK1     00000
__LdataBANK2                              dataBANK2     00000
__LdataCOMRAM                             dataCOMRAM    00000
__Lend_init                               end_init      001F2
__Lfarbss                                 farbss        00000
__Lfardata                                fardata       00000
__Libigdata                               ibigdata      00000
__Lidata                                  idata         00000
__LidataBANK1                             idataBANK1    00000
__LidataBANK2                             idataBANK2    00000
__LidataCOMRAM                            idataCOMRAM   00000
__Lidloc                                  idloc         00000
__Lifardata                               ifardata      00000
__Linit                                   init          001F2
__Lintcode                                intcode       00008
__Lintcode_body                           intcode_body  00000
__Lintcodelo                              intcodelo     001F2
__Lintentry                               intentry      00000
__Lintret                                 intret        00000
__Lintsave_regs                           intsave_regs  00000
__Lirdata                                 irdata        00000
__Ljflash_buffer                          jflash_buffer 0F800
__Lmediumconst                            mediumconst   0FE40
__LnvFARRAM                               nvFARRAM      00000
__Lnvbit                                  nvbit         00000
__Lnvrram                                 nvrram        00000
__Lparam                                  rparam        00000
__Lpowerup                                powerup       001F2
__Lram                                    ram           00000
__Lramtop                                 ramtop        00F00
__Lrbit                                   rbit          00000
__Lrbss                                   rbss          00000
__Lrdata                                  rdata         00000
__Lreset_vec                              reset_vec     00000
__Lrparam                                 rparam        00000
__Lsfr                                    sfr           00000
__Lsmallconst                             smallconst    00000
__Lspace_0                                (abs)         00000
__Lspace_1                                (abs)         00000
__Lspace_2                                (abs)         00000
__Lstack                                  stack         00000
__Lstruct                                 struct        00000
__Ltemp                                   temp          00055
__Ltext                                   text          00000
__Ltext0                                  text0         00000
__Ltext1                                  text1         00000
__Ltext10                                 text10        00000
__Ltext11                                 text11        00000
__Ltext12                                 text12        00000
__Ltext13                                 text13        00000
__Ltext14                                 text14        00000
__Ltext15                                 text15        00000
__Ltext16                                 text16        00000
__Ltext17                                 text17        00000
__Ltext18                                 text18        00000
__Ltext19                                 text19        00000
__Ltext2                                  text2         00000
__Ltext20                                 text20        00000
__Ltext21                                 text21        00000
__Ltext22                                 text22        00000
__Ltext23                                 text23        00000
__Ltext24                                 text24        00000
__Ltext25                                 text25        00000
__Ltext26                                 text26        00000
__Ltext27                                 text27        00000
__Ltext28                                 text28        00000
__Ltext29                                 text29        00000
__Ltext3                                  text3         00000
__Ltext30                                 text30        00000
__Ltext31                                 text31        00000
__Ltext32                                 text32        00000
__Ltext33                                 text33        00000
__Ltext34                                 text34        00000
__Ltext35                                 text35        00000
__Ltext36                                 text36        00000
__Ltext37                                 text37        00000
__Ltext38                                 text38        00000
__Ltext39                                 text39        00000
__Ltext4                                  text4         00000
__Ltext40                                 text40        00000
__Ltext41                                 text41        00000
__Ltext42                                 text42        00000
__Ltext43                                 text43        00000
__Ltext44                                 text44        00000
__Ltext45                                 text45        00000
__Ltext46                                 text46        00000
__Ltext47                                 text47        00000
__Ltext48                                 text48        00000
__Ltext49                                 text49        00000
__Ltext5                                  text5         00000
__Ltext50                                 text50        00000
__Ltext51                                 text51        00000
__Ltext52                                 text52        00000
__Ltext53                                 text53        00000
__Ltext54                                 text54        00000
__Ltext55                                 text55        00000
__Ltext56                                 text56        00000
__Ltext57                                 text57        00000
__Ltext58                                 text58        00000
__Ltext59                                 text59        00000
__Ltext6                                  text6         00000
__Ltext60                                 text60        00000
__Ltext61                                 text61        00000
__Ltext63                                 text63        00000
__Ltext64                                 text64        00000
__Ltext65                                 text65        00000
__Ltext66                                 text66        00000
__Ltext67                                 text67        00000
__Ltext68                                 text68        00000
__Ltext69                                 text69        00000
__Ltext7                                  text7         00000
__Ltext70                                 text70        00000
__Ltext71                                 text71        00000
__Ltext8                                  text8         00000
__Ltext9                                  text9         00000
__S0                                      (abs)         10000
__S1                                      (abs)         0048C
__S2                                      (abs)         00000
___awdiv                                  text16        04AF8
___awdiv@counter                          cstackBANK0   00064
___awdiv@dividend                         cstackBANK0   00060
___awdiv@divisor                          cstackBANK0   00062
___awdiv@quotient                         cstackBANK0   00066
___awdiv@sign                             cstackBANK0   00065
___awmod                                  text15        04F1E
___awmod@counter                          cstackBANK0   00064
___awmod@dividend                         cstackBANK0   00060
___awmod@divisor                          cstackBANK0   00062
___awmod@sign                             cstackBANK0   00065
___inthi_sp                               stack         00000
___intlo_sp                               stack         00000
___lbmod                                  text54        0595C
___lbmod@counter                          cstackBANK0   00062
___lbmod@dividend                         cstackBANK0   00061
___lbmod@divisor                          cstackBANK0   00060
___lbmod@rem                              cstackBANK0   00063
___lmul                                   text32        05540
___lmul@multiplicand                      cstackBANK0   00064
___lmul@multiplier                        cstackBANK0   00060
___lmul@product                           cstackBANK0   00068
___lwdiv                                  text26        054C8
___lwdiv@counter                          cstackBANK0   00064
___lwdiv@dividend                         cstackBANK0   00060
___lwdiv@divisor                          cstackBANK0   00062
___lwdiv@quotient                         cstackBANK0   00065
___lwmod                                  text25        05752
___lwmod@counter                          cstackBANK0   0006B
___lwmod@dividend                         cstackBANK0   00067
___lwmod@divisor                          cstackBANK0   00069
___param_bank                             (abs)         00010
___rparam_used                            (abs)         00001
___sp                                     stack         00000
___wmul                                   text24        05A52
___wmul@multiplicand                      cstackBANK0   00062
___wmul@multiplier                        cstackBANK0   00060
___wmul@product                           cstackBANK0   00064
__accesstop                               (abs)         00060
__activetblptr                            (abs)         00002
__end_of_AddNodeToNetworkTable            text56        04884
__end_of_BroadcastJitter                  text53        04C70
__end_of_DELAY_ms                         text31        04E74
__end_of_I2CTask                          text69        04D20
__end_of_I2CWrite                         text30        05BD8
__end_of_InitMRF24J40                     text44        04004
__end_of_InitSymbolTimer                  text7         05C8A
__end_of_LCD_Initialize                   text29        05446
__end_of_MiApp_ConnectionMode             text12        05B1C
__end_of_MiApp_DiscardMessage             text60        05CE8
__end_of_MiApp_EstablishConnection        text8         03A9C
__end_of_MiApp_MessageAvailable           text36        05CAC
__end_of_MiApp_ProtocolInit               text5         04782
__end_of_MiApp_SearchConnection           text10        044BE
__end_of_MiApp_SetChannel                 text11        05BBC
__end_of_MiApp_StartConnection            text4         054C8
__end_of_MiApp_UnicastAddress             text27        0369A
__end_of_MiMAC_DiscardPacket              text61        05C10
__end_of_MiMAC_Init                       text6         0595C
__end_of_MiMAC_ReceivedPacket             text52        028E6
__end_of_MiMAC_SendPacket                 text42        02DA0
__end_of_MiMAC_SetAltAddress              text43        0568C
__end_of_MiMAC_SetChannel                 text48        058C0
__end_of_MiWiTasks                        text37        01738
__end_of_MiWi_TickGet                     text55        05626
__end_of_OpenSocket                       text9         03D50
__end_of_PHYGetLongRAMAddr                text46        056F0
__end_of_PHYGetShortRAMAddr               text45        05ABE
__end_of_PHYSetLongRAMAddr                text50        05816
__end_of_PHYSetShortRAMAddr               text49        05AF0
__end_of_RX                               text33        05A1C
__end_of_RouteMessage                     text39        03258
__end_of_SPIGet                           text47        05CC4
__end_of_SPIPut                           text51        05BF4
__end_of_SYSTEM_Initialize                text28        05192
__end_of_ScanTime                         mediumconst   0FE7D
__end_of_SearchForLongAddress             text59        04A36
__end_of_SearchForShortAddress            text58        053C2
__end_of_SendBeacon                       text40        0496A
__end_of_SendMACPacket                    text41        04F1E
__end_of_TX                               text21        0428A
__end_of_UnicastShortAddress              text38        052AE
__end_of_UserInterruptHandler             text68        05C74
__end_of___awdiv                          text16        04BB6
__end_of___awmod                          text15        04FC0
__end_of___lbmod                          text54        059A0
__end_of___lmul                           text32        055B6
__end_of___lwdiv                          text26        05540
__end_of___lwmod                          text25        057B4
__end_of___wmul                           text24        05A88
__end_of__initialization                  cinit         04DBC
__end_of__uartPrint                       text34        05220
__end_of_dpowers                          mediumconst   0FE93
__end_of_findNextNetworkEntry             text57        059E0
__end_of_getPseudo                        text18        04AF8
__end_of_hexpowers                        mediumconst   0FE9B
__end_of_high_isr                         intcode       001F2
__end_of_initChat                         text13        05752
__end_of_initNwk                          text2         0462E
__end_of_isdigit                          text23        05B46
__end_of_main                             text0         05C2A
__end_of_octpowers                        mediumconst   0FE89
__end_of_sprintf                          text22        02214
__end_of_uartHexaPrint                    text3         05060
__end_of_uartInitialize                   text1         05C5C
__end_of_uartRead                         text19        05A52
__end_of_uartWrite                        text35        05CBA
__end_of_vT100ClearScreen                 text17        05C9C
__end_of_vT100EraseEndOfLine              text20        05CEC
__end_of_vT100SetCursorPos                text14        05100
__end_ofi2_DELAY_ms                       text70        0533A
__end_ofi2_PHYGetLongRAMAddr              text65        05912
__end_ofi2_PHYGetShortRAMAddr             text64        05B70
__end_ofi2_PHYSetShortRAMAddr             text63        05B98
__end_ofi2_SPIGet                         text66        05CCE
__end_ofi2_SPIPut                         text67        05C44
__end_ofi2___lmul                         text71        0586C
__initialization                          cinit         04D20
__mediumconst                             mediumconst   0FE40
__pbssBANK0                               bssBANK0      000FC
__pbssBANK1                               bssBANK1      00100
__pbssBANK2                               bssBANK2      00200
__pbssBANK3                               bssBANK3      00300
__pbssBANK4                               bssBANK4      00400
__pbssCOMRAM                              bssCOMRAM     0002B
__pcinit                                  cinit         04D20
__pcstackBANK0                            cstackBANK0   00060
__pcstackBANK1                            cstackBANK1   00193
__pcstackCOMRAM                           cstackCOMRAM  00001
__pdataBANK1                              dataBANK1     001EF
__pdataBANK2                              dataBANK2     002A5
__pdataCOMRAM                             dataCOMRAM    00053
__pidataBANK1                             idataBANK1    05CCE
__pidataBANK2                             idataBANK2    05CD7
__pidataCOMRAM                            idataCOMRAM   05CE8
__pintcode                                intcode       00008
__pmediumconst                            mediumconst   0FE40
__ptext0                                  text0         05C10
__ptext1                                  text1         05C44
__ptext10                                 text10        0428A
__ptext11                                 text11        05B98
__ptext12                                 text12        05AF0
__ptext13                                 text13        056F0
__ptext14                                 text14        05060
__ptext15                                 text15        04F1E
__ptext16                                 text16        04AF8
__ptext17                                 text17        05C8A
__ptext18                                 text18        04A36
__ptext19                                 text19        05A1C
__ptext2                                  text2         044BE
__ptext20                                 text20        05CEA
__ptext21                                 text21        04004
__ptext22                                 text22        01738
__ptext23                                 text23        05B1C
__ptext24                                 text24        05A52
__ptext25                                 text25        05752
__ptext26                                 text26        054C8
__ptext27                                 text27        03258
__ptext28                                 text28        05100
__ptext29                                 text29        053C2
__ptext3                                  text3         04FC0
__ptext30                                 text30        05BBC
__ptext31                                 text31        04DCA
__ptext32                                 text32        05540
__ptext33                                 text33        059E0
__ptext34                                 text34        05192
__ptext35                                 text35        05CAC
__ptext36                                 text36        05C9C
__ptext37                                 text37        001F6
__ptext38                                 text38        05220
__ptext39                                 text39        02DA0
__ptext4                                  text4         05446
__ptext40                                 text40        04884
__ptext41                                 text41        04E74
__ptext42                                 text42        028E6
__ptext43                                 text43        05626
__ptext44                                 text44        03D50
__ptext45                                 text45        05A88
__ptext46                                 text46        0568C
__ptext47                                 text47        05CBA
__ptext48                                 text48        0586C
__ptext49                                 text49        05ABE
__ptext5                                  text5         0462E
__ptext50                                 text50        057B4
__ptext51                                 text51        05BD8
__ptext52                                 text52        02214
__ptext53                                 text53        04BB6
__ptext54                                 text54        0595C
__ptext55                                 text55        055B6
__ptext56                                 text56        04782
__ptext57                                 text57        059A0
__ptext58                                 text58        0533A
__ptext59                                 text59        0496A
__ptext6                                  text6         05912
__ptext60                                 text60        05CE0
__ptext61                                 text61        05BF4
__ptext63                                 text63        05B70
__ptext64                                 text64        05B46
__ptext65                                 text65        058C0
__ptext66                                 text66        05CC4
__ptext67                                 text67        05C2A
__ptext68                                 text68        05C5C
__ptext69                                 text69        04C70
__ptext7                                  text7         05C74
__ptext70                                 text70        052AE
__ptext71                                 text71        05816
__ptext8                                  text8         0369A
__ptext9                                  text9         03A9C
__ramtop                                  ramtop        00F00
__size_of_AddNodeToNetworkTable           (abs)         00000
__size_of_BroadcastJitter                 (abs)         00000
__size_of_DELAY_ms                        (abs)         00000
__size_of_I2CTask                         (abs)         00000
__size_of_I2CWrite                        (abs)         00000
__size_of_InitMRF24J40                    (abs)         00000
__size_of_InitSymbolTimer                 (abs)         00000
__size_of_LCD_Initialize                  (abs)         00000
__size_of_MiApp_ConnectionMode            (abs)         00000
__size_of_MiApp_DiscardMessage            (abs)         00000
__size_of_MiApp_EstablishConnection       (abs)         00000
__size_of_MiApp_MessageAvailable          (abs)         00000
__size_of_MiApp_ProtocolInit              (abs)         00000
__size_of_MiApp_SearchConnection          (abs)         00000
__size_of_MiApp_SetChannel                (abs)         00000
__size_of_MiApp_StartConnection           (abs)         00000
__size_of_MiApp_UnicastAddress            (abs)         00000
__size_of_MiMAC_DiscardPacket             (abs)         00000
__size_of_MiMAC_Init                      (abs)         00000
__size_of_MiMAC_ReceivedPacket            (abs)         00000
__size_of_MiMAC_SendPacket                (abs)         00000
__size_of_MiMAC_SetAltAddress             (abs)         00000
__size_of_MiMAC_SetChannel                (abs)         00000
__size_of_MiWiTasks                       (abs)         00000
__size_of_MiWi_TickGet                    (abs)         00000
__size_of_OpenSocket                      (abs)         00000
__size_of_PHYGetLongRAMAddr               (abs)         00000
__size_of_PHYGetShortRAMAddr              (abs)         00000
__size_of_PHYSetLongRAMAddr               (abs)         00000
__size_of_PHYSetShortRAMAddr              (abs)         00000
__size_of_RX                              (abs)         00000
__size_of_RouteMessage                    (abs)         00000
__size_of_SPIGet                          (abs)         00000
__size_of_SPIPut                          (abs)         00000
__size_of_SYSTEM_Initialize               (abs)         00000
__size_of_SearchForLongAddress            (abs)         00000
__size_of_SearchForShortAddress           (abs)         00000
__size_of_SendBeacon                      (abs)         00000
__size_of_SendMACPacket                   (abs)         00000
__size_of_TX                              (abs)         00000
__size_of_UnicastShortAddress             (abs)         00000
__size_of_UserInterruptHandler            (abs)         00000
__size_of___awdiv                         (abs)         00000
__size_of___awmod                         (abs)         00000
__size_of___lbmod                         (abs)         00000
__size_of___lmul                          (abs)         00000
__size_of___lwdiv                         (abs)         00000
__size_of___lwmod                         (abs)         00000
__size_of___wmul                          (abs)         00000
__size_of__uartPrint                      (abs)         00000
__size_of_findNextNetworkEntry            (abs)         00000
__size_of_getPseudo                       (abs)         00000
__size_of_high_isr                        (abs)         00000
__size_of_initChat                        (abs)         00000
__size_of_initNwk                         (abs)         00000
__size_of_isdigit                         (abs)         00000
__size_of_main                            (abs)         00000
__size_of_sprintf                         (abs)         00000
__size_of_uartHexaPrint                   (abs)         00000
__size_of_uartInitialize                  (abs)         00000
__size_of_uartRead                        (abs)         00000
__size_of_uartWrite                       (abs)         00000
__size_of_vT100ClearScreen                (abs)         00000
__size_of_vT100EraseEndOfLine             (abs)         00000
__size_of_vT100SetCursorPos               (abs)         00000
__size_ofi2_DELAY_ms                      (abs)         00000
__size_ofi2_PHYGetLongRAMAddr             (abs)         00000
__size_ofi2_PHYGetShortRAMAddr            (abs)         00000
__size_ofi2_PHYSetShortRAMAddr            (abs)         00000
__size_ofi2_SPIGet                        (abs)         00000
__size_ofi2_SPIPut                        (abs)         00000
__size_ofi2___lmul                        (abs)         00000
__smallconst                              smallconst    00000
__uartPrint                               text34        05192
__uartPrint@i                             cstackBANK0   00065
__uartPrint@str                           cstackBANK0   00061
_currentChannel                           bssCOMRAM     00052
_defaultHops                              dataCOMRAM    00054
_detect1                                  bssBANK1      00133
_detect2                                  bssBANK1      00135
_dpowers                                  mediumconst   0FE89
_failureCounter                           bssBANK1      00137
_findNextNetworkEntry                     text57        059A0
_getPseudo                                text18        04A36
_hexpowers                                mediumconst   0FE93
_high_isr                                 intcode       00008
_initChat                                 text13        056F0
_initNwk                                  text2         044BE
_isdigit                                  text23        05B1C
_isdigit$3724                             cstackBANK0   00061
_knownCoordinators                        bssBANK1      00142
_main                                     text0         05C10
_myLongAddress                            dataBANK1     001F0
_myNetworkAddress                         bssCOMRAM     0004C
_myPANID                                  bssBANK0      000FD
_myParent                                 bssBANK0      000FC
_myPseudo                                 bssBANK2      0029C
_myShortAddress                           bssCOMRAM     0004E
_num1                                     bssBANK1      00139
_num2                                     bssBANK1      0013B
_octpowers                                mediumconst   0FE7D
_openSocketInfo                           bssBANK1      00177
_role                                     bssCOMRAM     00047
_rxMessage                                bssBANK1      00100
_sprintf                                  text22        01738
_sprintf$3503                             cstackBANK0   0007B
_sprintf$3504                             cstackBANK0   0007D
_sprintf$3510                             cstackBANK0   0007F
[...]
                  1    wreg      void 
 Registers used:
		wreg, status,2, cstack
 Tracked objects:
		On entry : 
		On exit  : 
		Unchanged: 
 Data sizes:     COMRAM   BANK0   BANK1   BANK2   BANK3   BANK4   BANK5   BANK6   BANK7   BANK8   BANK9  BANK10  BANK11  BANK12  BANK13  BANK14
      Params:         1       0       0       0       0       0       0       0       0       0       0       0       0       0       0       0
      Locals:         2       0       0       0       0       0       0       0       0       0       0       0       0       0       0       0
      Temps:          0       0       0       0       0       0       0       0       0       0       0       0       0       0       0       0
      Totals:         3       0       0       0       0       0       0       0       0       0       0       0       0       0       0       0
Total ram usage:        3 bytes
 Hardware stack levels used:    1
 Hardware stack levels required when called:    1
 This function calls:
		i2_SPIPut
 This function is called by:
		_high_isr
 This function uses a non-reentrant model


 *************** function i2_PHYGetShortRAMAddr *****************
 Defined at:
		line 154 in file "../../MLA/framework/driver/mrf_miwi/src/drv_mrf_miwi_24j40.c"
 Parameters:    Size  Location     Type
  address         1    wreg     unsigned char 
 Auto vars:     Size  Location     Type
  address         1    2[COMRAM] unsigned char 
  PHYGetShortR    1    4[COMRAM] volatile unsigned char 
  PHYGetShortR    1    3[COMRAM] unsigned char 
 Return value:  Size  Location     Type
                  1    wreg      unsigned char 
 Registers used:
		wreg, status,2, cstack
 Tracked objects:
		On entry : 
		On exit  : 
		Unchanged: 
 Data sizes:     COMRAM   BANK0   BANK1   BANK2   BANK3   BANK4   BANK5   BANK6   BANK7   BANK8   BANK9  BANK10  BANK11  BANK12  BANK13  BANK14
      Params:         0       0       0       0       0       0       0       0       0       0       0       0       0       0       0       0
      Locals:         3       0       0       0       0       0       0       0       0       0       0       0       0       0       0       0
      Temps:          0       0       0       0       0       0       0       0       0       0       0       0       0       0       0       0
      Totals:         3       0       0       0       0       0       0       0       0       0       0       0       0       0       0       0
Total ram usage:        3 bytes
 Hardware stack levels used:    1
 Hardware stack levels required when called:    2
 This function calls:
		i2_SPIGet
		i2_SPIPut
 This function is called by:
		_high_isr
 This function uses a non-reentrant model


 *************** function i2_PHYGetLongRAMAddr *****************
 Defined at:
		line 185 in file "../../MLA/framework/driver/mrf_miwi/src/drv_mrf_miwi_24j40.c"
 Parameters:    Size  Location     Type
  address         2    2[COMRAM] unsigned int 
 Auto vars:     Size  Location     Type
  PHYGetLongRA    1    7[COMRAM] volatile unsigned char 
  PHYGetLongRA    1    6[COMRAM] unsigned char 
 Return value:  Size  Location     Type
                  1    wreg      unsigned char 
 Registers used:
		wreg, status,2, status,0, cstack
 Tracked objects:
		On entry : 
		On exit  : 
		Unchanged: 
 Data sizes:     COMRAM   BANK0   BANK1   BANK2   BANK3   BANK4   BANK5   BANK6   BANK7   BANK8   BANK9  BANK10  BANK11  BANK12  BANK13  BANK14
      Params:         2       0       0       0       0       0       0       0       0       0       0       0       0       0       0       0
      Locals:         2       0       0       0       0       0       0       0       0       0       0       0       0       0       0       0
      Temps:          2       0       0       0       0       0       0       0       0       0       0       0       0       0       0       0
      Totals:         6       0       0       0       0       0       0       0       0       0       0       0       0       0       0       0
Total ram usage:        6 bytes
 Hardware stack levels used:    1
 Hardware stack levels required when called:    2
 This function calls:
		i2_SPIGet
		i2_SPIPut
 This function is called by:
		_high_isr
 This function uses a non-reentrant model


 *************** function i2_SPIGet *****************
 Defined at:
		line 102 in file "../firmware/src/system_config/8bitwdk_pic18f46j50_24j40/spi.c"
 Parameters:    Size  Location     Type
		None
 Auto vars:     Size  Location     Type
		None
 Return value:  Size  Location     Type
                  1    wreg      unsigned char 
 Registers used:
		wreg, status,2, cstack
 Tracked objects:
		On entry : 
		On exit  : 
		Unchanged: 
 Data sizes:     COMRAM   BANK0   BANK1   BANK2   BANK3   BANK4   BANK5   BANK6   BANK7   BANK8   BANK9  BANK10  BANK11  BANK12  BANK13  BANK14
      Params:         0       0       0       0       0       0       0       0       0       0       0       0       0       0       0       0
      Locals:         0       0       0       0       0       0       0       0       0       0       0       0       0       0       0       0
      Temps:          0       0       0       0       0       0       0       0       0       0       0       0       0       0       0       0
      Totals:         0       0       0       0       0       0       0       0       0       0       0       0       0       0       0       0
Total ram usage:        0 bytes
 Hardware stack levels used:    1
 Hardware stack levels required when called:    1
 This function calls:
		i2_SPIPut
 This function is called by:
		i2_PHYGetShortRAMAddr
		i2_PHYGetLongRAMAddr
 This function uses a non-reentrant model


 *************** function i2_SPIPut *****************
 Defined at:
		line 45 in file "../firmware/src/system_config/8bitwdk_pic18f46j50_24j40/spi.c"
 Parameters:    Size  Location     Type
  v               1    wreg     unsigned char 
 Auto vars:     Size  Location     Type
  v               1    1[COMRAM] unsigned char 
  SPIPut          1    0[COMRAM] unsigned char 
 Return value:  Size  Location     Type
                  1    wreg      void 
 Registers used:
		wreg
 Tracked objects:
		On entry : 
		On exit  : 
		Unchanged: 
 Data sizes:     COMRAM   BANK0   BANK1   BANK2   BANK3   BANK4   BANK5   BANK6   BANK7   BANK8   BANK9  BANK10  BANK11  BANK12  BANK13  BANK14
      Params:         0       0       0       0       0       0       0       0       0       0       0       0       0       0       0       0
      Locals:         2       0       0       0       0       0       0       0       0       0       0       0       0       0       0       0
      Temps:          0       0       0       0       0       0       0       0       0       0       0       0       0       0       0       0
      Totals:         2       0       0       0       0       0       0       0       0       0       0       0       0       0       0       0
Total ram usage:        2 bytes
 Hardware stack levels used:    1
 This function calls:
		Nothing
 This function is called by:
		i2_SPIGet
		i2_PHYSetShortRAMAddr
		i2_PHYGetShortRAMAddr
		i2_PHYGetLongRAMAddr
 This function uses a non-reentrant model


 *************** function _UserInterruptHandler *****************
 Defined at:
		line 345 in file "../firmware/src/system_config/8bitwdk_pic18f46j50_24j40/lcd.c"
 Parameters:    Size  Location     Type
		None
 Auto vars:     Size  Location     Type
		None
 Return value:  Size  Location     Type
                  1    wreg      void 
 Registers used:
		wreg, fsr2l, fsr2h, status,2, status,0, prodl, prodh, cstack
 Tracked objects:
		On entry : 
		On exit  : 
		Unchanged: 
 Data sizes:     COMRAM   BANK0   BANK1   BANK2   BANK3   BANK4   BANK5   BANK6   BANK7   BANK8   BANK9  BANK10  BANK11  BANK12  BANK13  BANK14
      Params:         0       0       0       0       0       0       0       0       0       0       0       0       0       0       0       0
      Locals:         0       0       0       0       0       0       0       0       0       0       0       0       0       0       0       0
      Temps:          0       0       0       0       0       0       0       0       0       0       0       0       0       0       0       0
      Totals:         0       0       0       0       0       0       0       0       0       0       0       0       0       0       0       0
Total ram usage:        0 bytes
 Hardware stack levels used:    1
 Hardware stack levels required when called:    3
 This function calls:
		_I2CTask
		i2_DELAY_ms
 This function is called by:
		_high_isr
 This function uses a non-reentrant model


 *************** function _I2CTask *****************
 Defined at:
		line 65 in file "../firmware/src/system_config/8bitwdk_pic18f46j50_24j40/lcd.c"
 Parameters:    Size  Location     Type
		None
 Auto vars:     Size  Location     Type
		None
 Return value:  Size  Location     Type
                  1    wreg      void 
 Registers used:
		wreg, fsr2l, fsr2h, status,2, status,0, prodl, prodh, cstack
 Tracked objects:
		On entry : 
		On exit  : 
		Unchanged: 
 Data sizes:     COMRAM   BANK0   BANK1   BANK2   BANK3   BANK4   BANK5   BANK6   BANK7   BANK8   BANK9  BANK10  BANK11  BANK12  BANK13  BANK14
      Params:         0       0       0       0       0       0       0       0       0       0       0       0       0       0       0       0
      Locals:         0       0       0       0       0       0       0       0       0       0       0       0       0       0       0       0
      Temps:          0       0       0       0       0       0       0       0       0       0       0       0       0       0       0       0
      Totals:         0       0       0       0       0       0       0       0       0       0       0       0       0       0       0       0
Total ram usage:        0 bytes
 Hardware stack levels used:    1
 Hardware stack levels required when called:    2
 This function calls:
		i2_DELAY_ms
 This function is called by:
		_UserInterruptHandler
 This function uses a non-reentrant model


 *************** function i2_DELAY_ms *****************
 Defined at:
		line 108 in file "../firmware/src/system_config/8bitwdk_pic18f46j50_24j40/delay.c"
 Parameters:    Size  Location     Type
  ms              2   12[COMRAM] unsigned int 
 Auto vars:     Size  Location     Type
  DELAY_ms        4   14[COMRAM] long 
 Return value:  Size  Location     Type
                  1    wreg      void 
 Registers used:
		wreg, status,2, status,0, cstack
 Tracked objects:
		On entry : 
		On exit  : 
		Unchanged: 
 Data sizes:     COMRAM   BANK0   BANK1   BANK2   BANK3   BANK4   BANK5   BANK6   BANK7   BANK8   BANK9  BANK10  BANK11  BANK12  BANK13  BANK14
      Params:         2       0       0       0       0       0       0       0       0       0       0       0       0       0       0       0
      Locals:         4       0       0       0       0       0       0       0       0       0       0       0       0       0       0       0
      Temps:          0       0       0       0       0       0       0       0       0       0       0       0       0       0       0       0
      Totals:         6       0       0       0       0       0       0       0       0       0       0       0       0       0       0       0
Total ram usage:        6 bytes
 Hardware stack levels used:    1
 Hardware stack levels required when called:    1
 This function calls:
		i2___lmul
 This function is called by:
		_I2CTask
		_UserInterruptHandler
 This function uses a non-reentrant model


 *************** function i2___lmul *****************
 Defined at:
		line 15 in file "C:\Program Files (x86)\Microchip\xc8\v1.38\sources\common\Umul32.c"
 Parameters:    Size  Location     Type
  multiplier      4    0[COMRAM] unsigned long 
  multiplicand    4    4[COMRAM] unsigned long 
 Auto vars:     Size  Location     Type
  __lmul          4    8[COMRAM] unsigned long 
 Return value:  Size  Location     Type
                  4    0[COMRAM] unsigned long 
 Registers used:
		wreg, status,2, status,0
 Tracked objects:
		On entry : 
		On exit  : 
		Unchanged: 
 Data sizes:     COMRAM   BANK0   BANK1   BANK2   BANK3   BANK4   BANK5   BANK6   BANK7   BANK8   BANK9  BANK10  BANK11  BANK12  BANK13  BANK14
      Params:         8       0       0       0       0       0       0       0       0       0       0       0       0       0       0       0
      Locals:         4       0       0       0       0       0       0       0       0       0       0       0       0       0       0       0
      Temps:          0       0       0       0       0       0       0       0       0       0       0       0       0       0       0       0
      Totals:        12       0       0       0       0       0       0       0       0       0       0       0       0       0       0       0
Total ram usage:       12 bytes
 Hardware stack levels used:    1
 This function calls:
		Nothing
 This function is called by:
		i2_DELAY_ms
 This function uses a non-reentrant model



MODULE INFORMATION

Module		Function		Class		Link	Load	Size
C:\Program Files (x86)\Microchip\xc8\v1.38\sources\common\lwmod.c
		___lwmod       		CODE           	5752	0000	99

C:\Program Files (x86)\Microchip\xc8\v1.38\sources\common\lwmod.c estimated size: 99

C:\Program Files (x86)\Microchip\xc8\v1.38\sources\common\awmod.c
		___awmod       		CODE           	4F1E	0000	163

C:\Program Files (x86)\Microchip\xc8\v1.38\sources\common\awmod.c estimated size: 163

../../MLA/framework/miwi/src/miwi_mesh.c
		_UnicastShortAddress		CODE           	5220	0000	143
		_MiApp_EstablishConnection		CODE           	369A	0000	1027
		_MiApp_ProtocolInit		CODE           	462E	0000	341
		_MiApp_UnicastAddress		CODE           	3258	0000	1091
		_MiApp_StartConnection		CODE           	5446	0000	131
		_SendMACPacket 		CODE           	4E74	0000	171
		_SendBeacon    		CODE           	4884	0000	231
		_SearchForLongAddress		CODE           	496A	0000	205
		_findNextNetworkEntry		CODE           	59A0	0000	65
		_SearchForShortAddress		CODE           	533A	0000	137
		_OpenSocket    		CODE           	3A9C	0000	693
		_RouteMessage  		CODE           	2DA0	0000	1209
		_MiApp_SetChannel		CODE           	5B98	0000	37
		_MiWiTasks     		CODE           	01F6	0000	5443
		_MiApp_DiscardMessage		CODE           	5CE0	0000	9
		_BroadcastJitter		CODE           	4BB6	0000	187
		_MiApp_MessageAvailable		CODE           	5C9C	0000	17
		_MiApp_SearchConnection		CODE           	428A	0000	565
		_AddNodeToNetworkTable		CODE           	4782	0000	259
		_MiApp_ConnectionMode		CODE           	5AF0	0000	45

../../MLA/framework/miwi/src/miwi_mesh.c estimated size: 12006

C:\Program Files (x86)\Microchip\xc8\v1.38\sources\common\Umul16.c
		___wmul        		CODE           	5A52	0000	55

C:\Program Files (x86)\Microchip\xc8\v1.38\sources\common\Umul16.c estimated size: 55

../firmware/src/system_config/8bitwdk_pic18f46j50_24j40/spi.c
		_SPIGet        		CODE           	5CBA	0000	11
		_SPIPut        		CODE           	5BD8	0000	29

../firmware/src/system_config/8bitwdk_pic18f46j50_24j40/spi.c estimated size: 40

C:\Program Files (x86)\Microchip\xc8\v1.38\sources\common\lwdiv.c
		___lwdiv       		CODE           	54C8	0000	121

C:\Program Files (x86)\Microchip\xc8\v1.38\sources\common\lwdiv.c estimated size: 121

C:\Program Files (x86)\Microchip\xc8\v1.38\sources\common\awdiv.c
		___awdiv       		CODE           	4AF8	0000	191

C:\Program Files (x86)\Microchip\xc8\v1.38\sources\common\awdiv.c estimated size: 191

C:\Program Files (x86)\Microchip\xc8\v1.38\sources\common\Umul32.c
		___lmul        		CODE           	5540	0000	119

C:\Program Files (x86)\Microchip\xc8\v1.38\sources\common\Umul32.c estimated size: 119

../firmware/src/system_config/8bitwdk_pic18f46j50_24j40/symbol.c
		_InitSymbolTimer		CODE           	5C74	0000	23
		_MiWi_TickGet  		CODE           	55B6	0000	113

../firmware/src/system_config/8bitwdk_pic18f46j50_24j40/symbol.c estimated size: 136

C:\Program Files (x86)\Microchip\xc8\v1.38\sources\common\lbmod.c
		___lbmod       		CODE           	595C	0000	69

C:\Program Files (x86)\Microchip\xc8\v1.38\sources\common\lbmod.c estimated size: 69

../firmware/src/system_config/8bitwdk_pic18f46j50_24j40/delay.c
		_DELAY_ms      		CODE           	4DCA	0000	171

../firmware/src/system_config/8bitwdk_pic18f46j50_24j40/delay.c estimated size: 171

../firmware/src/system_config/8bitwdk_pic18f46j50_24j40/lcd.c
		_LCD_Initialize		CODE           	53C2	0000	133
		_UserInterruptHandler		CODE           	5C5C	0000	25
		_I2CWrite      		CODE           	5BBC	0000	29
		_I2CTask       		CODE           	4C70	0000	177

../firmware/src/system_config/8bitwdk_pic18f46j50_24j40/lcd.c estimated size: 364

shared
		i2_DELAY_ms    		CODE           	52AE	0000	141
		_dpowers       		MEDIUMCONST    	FE89	0000	11
		_ScanTime      		MEDIUMCONST    	FE41	0000	61
		i2_PHYGetShortRAMAddr		CODE           	5B46	0000	43
		i2_PHYGetLongRAMAddr		CODE           	58C0	0000	83
		i2_PHYSetShortRAMAddr		CODE           	5B70	0000	41
		__initialization		CODE           	4D20	0000	157
		i2___lmul      		CODE           	5816	0000	87
		_octpowers     		MEDIUMCONST    	FE7D	0000	13
		i2_SPIGet      		CODE           	5CC4	0000	11
		_hexpowers     		MEDIUMCONST    	FE93	0000	9
		i2_SPIPut      		CODE           	5C2A	0000	27

shared estimated size: 684

../firmware/src/main.c
		_initNwk       		CODE           	44BE	0000	369
		_initChat      		CODE           	56F0	0000	99
		_getPseudo     		CODE           	4A36	0000	195
		_main          		CODE           	5C10	0000	27
		_RX            		CODE           	59E0	0000	61
		_TX            		CODE           	4004	0000	647

../firmware/src/main.c estimated size: 1398

C:\Program Files (x86)\Microchip\xc8\v1.38\sources\common\isdigit.c
		_isdigit       		CODE           	5B1C	0000	43

C:\Program Files (x86)\Microchip\xc8\v1.38\sources\common\isdigit.c estimated size: 43

C:\Program Files (x86)\Microchip\xc8\v1.38\sources\common\doprnt.c
		_sprintf       		CODE           	1738	0000	2781

C:\Program Files (x86)\Microchip\xc8\v1.38\sources\common\doprnt.c estimated size: 2781

../../MLA/framework/driver/mrf_miwi/src/drv_mrf_miwi_24j40.c
		_PHYGetLongRAMAddr		CODE           	568C	0000	101
		_PHYSetLongRAMAddr		CODE           	57B4	0000	99
		_PHYGetShortRAMAddr		CODE           	5A88	0000	55
		_PHYSetShortRAMAddr		CODE           	5ABE	0000	51
		_InitMRF24J40  		CODE           	3D50	0000	693
		_MiMAC_ReceivedPacket		CODE           	2214	0000	1747
		_MiMAC_DiscardPacket		CODE           	5BF4	0000	29
		_high_isr      		CODE           	0008	0000	491
		_MiMAC_SetChannel		CODE           	586C	0000	85
		_MiMAC_Init    		CODE           	5912	0000	75
		_MiMAC_SendPacket		CODE           	28E6	0000	1211
		_MiMAC_SetAltAddress		CODE           	5626	0000	103

../../MLA/framework/driver/mrf_miwi/src/drv_mrf_miwi_24j40.c estimated size: 4740

../firmware/src/system_config/8bitwdk_pic18f46j50_24j40/system.c
		_SYSTEM_Initialize		CODE           	5100	0000	147

../firmware/src/system_config/8bitwdk_pic18f46j50_24j40/system.c estimated size: 147

../firmware/src/VT100.c
		_vT100SetCursorPos		CODE           	5060	0000	161
		_vT100ClearScreen		CODE           	5C8A	0000	19
		_uartHexaPrint 		CODE           	4FC0	0000	161
		_uartInitialize		CODE           	5C44	0000	25
		__uartPrint    		CODE           	5192	0000	143
		_vT100EraseEndOfLine		CODE           	5CEA	0000	3
		_uartWrite     		CODE           	5CAC	0000	15
		_uartRead      		CODE           	5A1C	0000	55

../firmware/src/VT100.c estimated size: 582

