Microchip MPLAB XC8 Compiler V1.38 ()

Linker command line:

--edf=C:\Program Files (x86)\Microchip\xc8\v1.38\dat\en_msgs.txt -cs \
  -h+dist/default/production\Projet_MPLAB.X.production.sym \
  --cmf=dist/default/production\Projet_MPLAB.X.production.cmf -z -Q18F46J50 \
  -oC:\Users\tpeea\AppData\Local\Temp\s7uo.2 \
  -Mdist/default/production/Projet_MPLAB.X.production.map -E1 -ver=XC8 \
  -ASTACK=038Ch-0ebfh -pstack=STACK -ACODE=00h-0FFF7h -ACONST=00h-0FFF7h \
  -ASMALLCONST=0F00h-0FFFhx240,0FF00h-0FFF7h -AMEDIUMCONST=0F00h-0FFF7h \
  -ACOMRAM=01h-05Fh -AABS1=00h-0EBFh -ABIGRAM=01h-0EBFh \
  -ARAM=060h-0FFh,0100h-01FFhx13,0E00h-0EBFh -ABANK0=060h-0FFh \
  -ABANK1=0100h-01FFh -ABANK2=0200h-02FFh -ABANK3=0300h-03FFh \
  -ABANK4=0400h-04FFh -ABANK5=0500h-05FFh -ABANK6=0600h-06FFh \
  -ABANK7=0700h-07FFh -ABANK8=0800h-08FFh -ABANK9=0900h-09FFh \
  -ABANK10=0A00h-0AFFh -ABANK11=0B00h-0BFFh -ABANK12=0C00h-0CFFh \
  -ABANK13=0D00h-0DFFh -ABANK14=0E00h-0EBFh \
  -ASFR=0EC0h-0EFFh,0F00h-0F5Fh,0F60h-0FFFh \
  -preset_vec=00h,intcode=08h,intcodelo,powerup,init,end_init \
  -pramtop=0F00h -psmallconst=SMALLCONST -pmediumconst=MEDIUMCONST \
  -pconst=CONST -AFARRAM=00h-00h -ACONFIG=0FFF8h-0FFFFh -pconfig=CONFIG \
  -pjflash_buffer=0F800h \
  -prdata=COMRAM,nvrram=COMRAM,nvbit=COMRAM,rbss=COMRAM,rbit=COMRAM \
  -pfarbss=FARRAM,fardata=FARRAM,nvFARRAM=FARRAM \
  -pintsave_regs=BIGRAM,bigbss=BIGRAM,bigdata=BIGRAM -pbss=RAM \
  -pidata=CODE,irdata=CODE,ibigdata=CODE,ifardata=CODE -prparam=COMRAM \
  C:\Users\tpeea\AppData\Local\Temp\s7uo.obj \
  dist/default/production\Projet_MPLAB.X.production.obj 

Object code version is 3.11

Machine type is 18F46J50

Call graph: (short form)




                Name                               Link     Load   Length Selector   Space Scale
C:\Users\tpeea\AppData\Local\Temp\s7uo.obj
                end_init                            1F2      1F2        4        4       0
                reset_vec                             0        0        4        0       0
                config                             FFF8     FFF8        8     FFF8       0
dist/default/production\Projet_MPLAB.X.production.obj
                intcode                               8        8      1EA        4       0
                temp                                 55       55        1        1       1
                smallconst                          F00      F00       C6      780       0
                text20                             15E6     15E6       1A      7E3       0
                text19                             163E     163E        A      7E3       0
                text18                             14F0     14F0       52      7E3       0
                text17                             1578     1578       2A      7E3       0
                text16                             15A2     15A2       28      7E3       0
                text15                             149A     149A       56      7E3       0
                text14                             124C     124C       8C      7E3       0
                text13                              FC6      FC6       B6      7E3       0
                text12                             1618     1618       18      7E3       0
                text10                             135C     135C       76      7E3       0
                text9                              107C     107C       AA      7E3       0
                text8                              15CA     15CA       1C      7E3       0
                text7                              12D8     12D8       84      7E3       0
                text6                              11BA     11BA       92      7E3       0
                text5                              1630     1630        E      7E3       0
                text4                              13D2     13D2       66      7E3       0
                text3                              1600     1600       18      7E3       0
                text2                              1652     1652        2      7E3       0
                text1                              1542     1542       36      7E3       0
                text0                              1438     1438       62      7E3       0
                cstackCOMRAM                          1        1       2A        1       1
                cstackBANK0                          ED       ED        E       60       1
                cstackBANK1                         19C      19C        D      100       1
                bssBANK3                            300      300       8C      300       1
                bssBANK2                            200      200       A0      200       1
                dataBANK1                           1A9      1A9        8      100       1
                bssBANK1                            100      100       9C      100       1
                dataBANK0                            FB       FB        2       60       1
                bssBANK0                             60       60       8D       60       1
                dataCOMRAM                           54       54        1        1       1
                bssCOMRAM                            2B       2B       29        1       1
                cinit                              1126     1126       94      7E3       0
                idataBANK1                         1648     1648        8      7E3       0
                idataBANK0                         1650     1650        2      7E3       0
                idataCOMRAM                        1654     1654        1      7E3       0

TOTAL           Name                               Link     Load   Length     Space
        CLASS   STACK          

        CLASS   CODE           
                end_init                            1F2      1F2        4         0
                intcode                               8        8      1EA         0
                reset_vec                             0        0        4         0
                text20                             15E6     15E6       1A         0
                text19                             163E     163E        A         0
                text18                             14F0     14F0       52         0
                text17                             1578     1578       2A         0
                text16                             15A2     15A2       28         0
                text15                             149A     149A       56         0
                text14                             124C     124C       8C         0
                text13                              FC6      FC6       B6         0
                text12                             1618     1618       18         0
                text10                             135C     135C       76         0
                text9                              107C     107C       AA         0
                text8                              15CA     15CA       1C         0
                text7                              12D8     12D8       84         0
                text6                              11BA     11BA       92         0
                text5                              1630     1630        E         0
                text4                              13D2     13D2       66         0
                text3                              1600     1600       18         0
                text2                              1652     1652        2         0
                text1                              1542     1542       36         0
                text0                              1438     1438       62         0
                cinit                              1126     1126       94         0
                idataBANK1                         1648     1648        8         0
                idataBANK0                         1650     1650        2         0
                idataCOMRAM                        1654     1654        1         0

        CLASS   CONST          

        CLASS   SMALLCONST     
                smallconst                          F00      F00       C6         0

        CLASS   MEDIUMCONST    

        CLASS   COMRAM         
                temp                                 55       55        1         1
                cstackCOMRAM                          1        1       2A         1
                dataCOMRAM                           54       54        1         1
                bssCOMRAM                            2B       2B       29         1

        CLASS   ABS1           

        CLASS   BIGRAM         

        CLASS   RAM            

        CLASS   BANK0          
                cstackBANK0                          ED       ED        E         1
                dataBANK0                            FB       FB        2         1
                bssBANK0                             60       60       8D         1

        CLASS   BANK1          
                cstackBANK1                         19C      19C        D         1
                dataBANK1                           1A9      1A9        8         1
                bssBANK1                            100      100       9C         1

        CLASS   BANK2          
                bssBANK2                            200      200       A0         1

        CLASS   BANK3          
                bssBANK3                            300      300       8C         1

        CLASS   BANK4          

        CLASS   BANK5          

        CLASS   BANK6          

        CLASS   BANK7          

        CLASS   BANK8          

        CLASS   BANK9          

        CLASS   BANK10         

        CLASS   BANK11         

        CLASS   BANK12         

        CLASS   BANK13         

        CLASS   BANK14         

        CLASS   SFR            

        CLASS   FARRAM         

        CLASS   CONFIG         
                config                             FFF8     FFF8        8         0

        CLASS   IDLOC          



SEGMENTS        Name                           Load    Length   Top    Selector   Space  Class

                reset_vec                      000000  000004  000004         0       0  CODE    
                cstackCOMRAM                   000001  000055  000056         1       1  COMRAM  
                intcode                        000008  0001EE  0001F6         4       0  CODE    
                bssBANK0                       000060  00009D  0000FD        60       1  BANK0   
                bssBANK1                       000100  0000B1  0001B1       100       1  BANK1   
                bssBANK2                       000200  0000A0  0002A0       200       1  BANK2   
                bssBANK3                       000300  00008C  00038C       300       1  BANK3   
                smallconst                     000F00  0000C6  000FC6       780       0  SMALLCON
                text13                         000FC6  00068F  001655       7E3       0  CODE    
                config                         00FFF8  000008  010000      FFF8       0  CONFIG  


UNUSED ADDRESS RANGES

        Name                Unused          Largest block    Delta
        BANK0            000FD-000FF               3
        BANK1            001B1-001FF              4F
        BANK10           00A00-00AFF             100
        BANK11           00B00-00BFF             100
        BANK12           00C00-00CFF             100
        BANK13           00D00-00DFF             100
        BANK14           00E00-00EBF              C0
        BANK2            002A0-002FF              60
        BANK3            0038C-003FF              74
        BANK4            00400-004FF             100
        BANK5            00500-005FF             100
        BANK6            00600-006FF             100
        BANK7            00700-007FF             100
        BANK8            00800-008FF             100
        BANK9            00900-009FF             100
        BIGRAM           00056-0005F               A
                         000FD-000FF               3
                         001B1-001FF              4F
                         002A0-002FF              60
                         0038C-00EBF             B34
        CODE             00004-00007               4
                         001F6-00EFF             D0A
                         01655-0FFF7            E9A3
        COMRAM           00056-0005F               A
        CONST            00004-00007               4
                         001F6-00EFF             D0A
                         01655-0FFF7            E9A3
        MEDIUMCONST      01655-0FFF7            E9A3
        RAM              000FD-000FF               3
                         001B1-001FF              4F
                         002A0-002FF              60
                         0038C-00EBF             100
        SFR              00EC0-00FFF              60
        SMALLCONST       01655-0FFF7             100
        STACK            0038C-00EBF             B34

                                  Symbol Table

?___lmul                                cstackBANK0   000ED
?i2___lmul                              cstackCOMRAM  00001
DELAY_ms@cyclesRequiredForEntireDelay   cstackBANK1   0019C
DELAY_ms@ms                             cstackBANK0   000F9
I2CWrite@BufferLen                      cstackBANK0   000ED
I2CWrite@Commandlen                     cstackBANK0   000EE
PHYGetLongRAMAddr@address               cstackCOMRAM  00003
PHYGetLongRAMAddr@tmpRFIE               cstackCOMRAM  00008
PHYGetLongRAMAddr@toReturn              cstackCOMRAM  00007
PHYGetShortRAMAddr@address              cstackCOMRAM  00003
PHYGetShortRAMAddr@tmpRFIE              cstackCOMRAM  00005
PHYGetShortRAMAddr@toReturn             cstackCOMRAM  00004
PHYSetShortRAMAddr@address              cstackCOMRAM  00004
PHYSetShortRAMAddr@tmpRFIE              cstackCOMRAM  00005
PHYSetShortRAMAddr@value                cstackCOMRAM  00003
SPIPut@i                                cstackCOMRAM  00001
SPIPut@v                                cstackCOMRAM  00002
_ANCON0                                 (abs)         00F48
_ANCON1                                 (abs)         00F49
_AcknowledgementAddr                    bssBANK0      00091
_AcknowledgementSeq                     dataBANK0     000FB
_ActiveScanResultIndex                  bssCOMRAM     0003F
_ActiveScanResults                      bssBANK3      00300
_BAUDCON1bits                           (abs)         00F7E
_BankIndex                              dataCOMRAM    00054
_BroadcastRecords                       bssBANK1      00100
_CommandLen                             bssBANK0      00095
_CommandPtr                             bssCOMRAM     00040
_ConnMode                               bssCOMRAM     00041
_ConnectionTable                        bssBANK1      00120
_DELAY_ms                               text9         0107C
_EECON2                                 (abs)         00FA7
_I2CTask                                text13        00FC6
_I2CWrite                               text8         015CA
_IEEESeqNum                             bssBANK0      00096
_INTCON                                 (abs)         00FF2
_INTCON2bits                            (abs)         00FF1
_INTCON3bits                            (abs)         00FF0
_INTCONbits                             (abs)         00FF2
_LATA                                   (abs)         00F89
_LATB                                   (abs)         00F8A
_LATBbits                               (abs)         00F8A
_LATCbits                               (abs)         00F8B
_LATD                                   (abs)         00F8C
_LATDbits                               (abs)         00F8C
_LATE                                   (abs)         00F8D
_LCDCommand                             bssBANK0      00082
_LCDText                                bssBANK1      0017B
_LCD_Initialize                         text7         012D8
_MACCurrentChannel                      bssBANK0      00097
_MACInitParams                          bssBANK0      0008E
_MACRxPacket                            bssCOMRAM     0002B
_MAC_PANID                              bssCOMRAM     0004B
_MRF24J40Status                         bssCOMRAM     00042
_MTP                                    bssCOMRAM     00036
_MiWiAckRequired                        bssBANK0      00098
_MiWiCapacityInfo                       bssBANK0      00099
_MiWiSeqNum                             bssCOMRAM     00043
_MiWiStateMachine                       bssCOMRAM     0003D
_OSCCON                                 (abs)         00FD3
_OSCTUNEbits                            (abs)         00F9B
_PHYGetLongRAMAddr                      text18        014F0
_PHYGetShortRAMAddr                     text17        01578
_PHYSetShortRAMAddr                     text16        015A2
_PIE1bits                               (abs)         00F9D
_PIE3bits                               (abs)         00FA3
_PIR1bits                               (abs)         00F9E
_PIR3bits                               (abs)         00FA4
_PORTBbits                              (abs)         00F81
_PPSCONbits                             (abs)         00EFF
_RCREG2                                 (abs)         00FAA
_RCSTA2                                 (abs)         00F9C
_RCSTA2bits                             (abs)         00F9C
_RPINR1                                 (abs)         00EE7
_RPINR16                                (abs)         00EF6
_RPOR17                                 (abs)         00ED7
_RouterFailures                         bssBANK0      0006A
_RoutingTable                           bssBANK0      00072
_RxBuffer                               bssBANK2      00200
_SPBRG2                                 (abs)         00FAB
_SPBRGH2                                (abs)         00F7D
_SPIGet                                 text19        0163E
_SPIPut                                 text20        015E6
_SSP1BUF                                (abs)         00FC9
_SSP1CON1                               (abs)         00FC6
_SSP1CON1bits                           (abs)         00FC6
_SSP1STAT                               (abs)         00FC7
_SSP2ADD                                (abs)         00F74
_SSP2BUF                                (abs)         00F75
_SSP2CON1                               (abs)         00F72
_SSP2CON1bits                           (abs)         00F72
_SSP2CON2                               (abs)         00F71
_SSP2CON2bits                           (abs)         00F71
_SSP2STAT                               (abs)         00F73
_SYSTEM_Initialize                      text6         011BA
_ScanTime                               smallconst    00F01
_T1CON                                  (abs)         00FCD
_T1CONbits                              (abs)         00FCD
_TMR0L                                  (abs)         00FD6
_TMR1H                                  (abs)         00FCF
_TMR1L                                  (abs)         00FCE
_TRISA                                  (abs)         00F92
_TRISAbits                              (abs)         00F92
_TRISB                                  (abs)         00F93
_TRISBbits                              (abs)         00F93
_TRISC                                  (abs)         00F94
_TRISCbits                              (abs)         00F94
_TRISD                                  (abs)         00F95
_TRISDbits                              (abs)         00F95
_TRISE                                  (abs)         00F96
_TXREG2                                 (abs)         00FA9
_TXSTA2                                 (abs)         00FA8
_TXSTA2bits                             (abs)         00FA8
_TextLen                                bssCOMRAM     00044
_TextPtr                                bssCOMRAM     00045
_TxBuffer                               bssBANK0      0009C
_TxData                                 bssCOMRAM     00046
_UserInterruptHandler                   text12        01618
_WDTCONbits                             (abs)         00FC0
__CFG_CPUDIV$OSC3_PLL3                  (abs)         00000
__CFG_OSC$HSPLL                         (abs)         00000
__CFG_PLLDIV$2                          (abs)         00000
__CFG_WDTEN$OFF                         (abs)         00000
__CFG_XINST$OFF                         (abs)         00000
__HRAM                                  (abs)         00000
__Habs1                                 abs1          00000
__Hbank0                                bank0         00000
__Hbank1                                bank1         00000
__Hbank10                               bank10        00000
__Hbank11                               bank11        00000
__Hbank12                               bank12        00000
__Hbank13                               bank13        00000
__Hbank14                               bank14        00000
__Hbank2                                bank2         00000
__Hbank3                                bank3         00000
__Hbank4                                bank4         00000
__Hbank5                                bank5         00000
__Hbank6                                bank6         00000
__Hbank7                                bank7         00000
__Hbank8                                bank8         00000
__Hbank9                                bank9         00000
__Hbigbss                               bigbss        00000
__Hbigdata                              bigdata       00000
__Hbigram                               bigram        00000
__Hbss                                  bss           00000
__HbssBANK0                             bssBANK0      00000
__HbssBANK1                             bssBANK1      00000
__HbssBANK2                             bssBANK2      00000
__HbssBANK3                             bssBANK3      00000
__HbssCOMRAM                            bssCOMRAM     00000
__Hcinit                                cinit         00000
__Hclrtext                              clrtext       00000
__Hcomram                               comram        00000
__Hconfig                               config        10000
__Hconst                                const         00000
__HcstackBANK0                          cstackBANK0   00000
__HcstackBANK1                          cstackBANK1   00000
__HcstackCOMRAM                         cstackCOMRAM  00000
__Hdata                                 data          00000
__HdataBANK0                            dataBANK0     00000
__HdataBANK1                            dataBANK1     00000
__HdataCOMRAM                           dataCOMRAM    00000
__Hend_init                             end_init      001F6
__Hfarbss                               farbss        00000
__Hfardata                              fardata       00000
__Hibigdata                             ibigdata      00000
__Hidata                                idata         00000
__HidataBANK0                           idataBANK0    00000
__HidataBANK1                           idataBANK1    00000
__HidataCOMRAM                          idataCOMRAM   00000
__Hidloc                                idloc         00000
__Hifardata                             ifardata      00000
__Hinit                                 init          001F2
__Hintcode                              intcode       001F2
__Hintcode_body                         intcode_body  00000
__Hintcodelo                            intcodelo     001F2
__Hintentry                             intentry      00000
__Hintret                               intret        00000
__Hintsave_regs                         intsave_regs  00000
__Hirdata                               irdata        00000
__Hjflash_buffer                        jflash_buffer 0F800
__Hmediumconst                          mediumconst   00000
__HnvFARRAM                             nvFARRAM      00000
__Hnvbit                                nvbit         00000
__Hnvrram                               nvrram        00000
__Hparam                                rparam        00000
__Hpowerup                              powerup       001F2
__Hram                                  ram           00000
__Hramtop                               ramtop        00F00
__Hrbit                                 rbit          00000
__Hrbss                                 rbss          00000
__Hrdata                                rdata         00000
__Hreset_vec                            reset_vec     00004
__Hrparam                               rparam        00000
__Hsfr                                  sfr           00000
__Hsmallconst                           smallconst    00FC6
__Hspace_0                              (abs)         10000
__Hspace_1                              (abs)         0038C
__Hspace_2                              (abs)         00000
__Hstack                                stack         00000
__Hstruct                               struct        00000
__Htemp                                 temp          00056
__Htext                                 text          00000
__Htext0                                text0         00000
__Htext1                                text1         00000
__Htext10                               text10        00000
__Htext12                               text12        00000
__Htext13                               text13        00000
__Htext14                               text14        00000
__Htext15                               text15        00000
__Htext16                               text16        00000
__Htext17                               text17        00000
__Htext18                               text18        00000
__Htext19                               text19        00000
__Htext2                                text2         00000
__Htext20                               text20        00000
__Htext3                                text3         00000
__Htext4                                text4         00000
__Htext5                                text5         00000
__Htext6                                text6         00000
__Htext7                                text7         00000
__Htext8                                text8         00000
__Htext9                                text9         00000
__LRAM                                  (abs)         00001
__Labs1                                 abs1          00000
__Lbank0                                bank0         00000
__Lbank1                                bank1         00000
__Lbank10                               bank10        00000
__Lbank11                               bank11        00000
__Lbank12                               bank12        00000
__Lbank13                               bank13        00000
__Lbank14                               bank14        00000
__Lbank2                                bank2         00000
__Lbank3                                bank3         00000
__Lbank4                                bank4         00000
__Lbank5                                bank5         00000
__Lbank6                                bank6         00000
__Lbank7                                bank7         00000
__Lbank8                                bank8         00000
__Lbank9                                bank9         00000
__Lbigbss                               bigbss        00000
__Lbigdata                              bigdata       00000
__Lbigram                               bigram        00000
__Lbss                                  bss           00000
__LbssBANK0                             bssBANK0      00000
__LbssBANK1                             bssBANK1      00000
__LbssBANK2                             bssBANK2      00000
__LbssBANK3                             bssBANK3      00000
__LbssCOMRAM                            bssCOMRAM     00000
__Lcinit                                cinit         00000
__Lclrtext                              clrtext       00000
__Lcomram                               comram        00000
__Lconfig                               config        0FFF8
__Lconst                                const         00000
__LcstackBANK0                          cstackBANK0   00000
__LcstackBANK1                          cstackBANK1   00000
__LcstackCOMRAM                         cstackCOMRAM  00000
__Ldata                                 data          00000
__LdataBANK0                            dataBANK0     00000
__LdataBANK1                            dataBANK1     00000
__LdataCOMRAM                           dataCOMRAM    00000
__Lend_init                             end_init      001F2
__Lfarbss                               farbss        00000
__Lfardata                              fardata       00000
__Libigdata                             ibigdata      00000
__Lidata                                idata         00000
__LidataBANK0                           idataBANK0    00000
__LidataBANK1                           idataBANK1    00000
__LidataCOMRAM                          idataCOMRAM   00000
__Lidloc                                idloc         00000
__Lifardata                             ifardata      00000
__Linit                                 init          001F2
__Lintcode                              intcode       00008
__Lintcode_body                         intcode_body  00000
__Lintcodelo                            intcodelo     001F2
__Lintentry                             intentry      00000
__Lintret                               intret        00000
__Lintsave_regs                         intsave_regs  00000
__Lirdata                               irdata        00000
__Ljflash_buffer                        jflash_buffer 0F800
__Lmediumconst                          mediumconst   00000
__LnvFARRAM                             nvFARRAM      00000
__Lnvbit                                nvbit         00000
__Lnvrram                               nvrram        00000
__Lparam                                rparam        00000
__Lpowerup                              powerup       001F2
__Lram                                  ram           00000
__Lramtop                               ramtop        00F00
__Lrbit                                 rbit          00000
__Lrbss                                 rbss          00000
__Lrdata                                rdata         00000
__Lreset_vec                            reset_vec     00000
__Lrparam                               rparam        00000
__Lsfr                                  sfr           00000
__Lsmallconst                           smallconst    00F00
__Lspace_0                              (abs)         00000
__Lspace_1                              (abs)         00000
__Lspace_2                              (abs)         00000
__Lstack                                stack         00000
__Lstruct                               struct        00000
__Ltemp                                 temp          00055
__Ltext                                 text          00000
__Ltext0                                text0         00000
__Ltext1                                text1         00000
__Ltext10                               text10        00000
__Ltext12                               text12        00000
__Ltext13                               text13        00000
__Ltext14                               text14        00000
__Ltext15                               text15        00000
__Ltext16                               text16        00000
__Ltext17                               text17        00000
__Ltext18                               text18        00000
__Ltext19                               text19        00000
__Ltext2                                text2         00000
__Ltext20                               text20        00000
__Ltext3                                text3         00000
__Ltext4                                text4         00000
__Ltext5                                text5         00000
__Ltext6                                text6         00000
__Ltext7                                text7         00000
__Ltext8                                text8         00000
__Ltext9                                text9         00000
__S0                                    (abs)         10000
__S1                                    (abs)         0038C
__S2                                    (abs)         00000
___inthi_sp                             stack         00000
___intlo_sp                             stack         00000
___lmul                                 text10        0135C
___lmul@multiplicand                    cstackBANK0   000F1
___lmul@multiplier                      cstackBANK0   000ED
___lmul@product                         cstackBANK0   000F5
___param_bank                           (abs)         00010
___rparam_used                          (abs)         00001
___sp                                   stack         00000
__accesstop                             (abs)         00060
__activetblptr                          (abs)         00002
__end_of_DELAY_ms                       text9         01126
__end_of_I2CTask                        text13        0107C
__end_of_I2CWrite                       text8         015E6
__end_of_LCD_Initialize                 text7         0135C
__end_of_PHYGetLongRAMAddr              text18        01542
__end_of_PHYGetShortRAMAddr             text17        015A2
__end_of_PHYSetShortRAMAddr             text16        015CA
__end_of_SPIGet                         text19        01648
__end_of_SPIPut                         text20        01600
__end_of_SYSTEM_Initialize              text6         0124C
__end_of_ScanTime                       smallconst    00F3D
__end_of_UserInterruptHandler           text12        01630
__end_of___lmul                         text10        013D2
__end_of__initialization                cinit         011AC
__end_of__uartPrint                     text4         01438
__end_of_dpowers                        smallconst    00F53
__end_of_hexpowers                      smallconst    00F5B
__end_of_high_isr                       intcode       001F2
__end_of_main                           text0         0149A
__end_of_octpowers                      smallconst    00F49
__end_of_uartInitialize                 text3         01618
__end_of_uartRead                       text1         01578
__end_of_uartWrite                      text5         0163E
__end_of_vT100EraseEndOfLine            text2         01654
__end_ofi2_DELAY_ms                     text14        012D8
__end_ofi2___lmul                       text15        014F0
__initialization                        cinit         01126
__mediumconst                           mediumconst   00000
__pbssBANK0                             bssBANK0      00060
__pbssBANK1                             bssBANK1      00100
__pbssBANK2                             bssBANK2      00200
__pbssBANK3                             bssBANK3      00300
__pbssCOMRAM                            bssCOMRAM     0002B
__pcinit                                cinit         01126
__pcstackBANK0                          cstackBANK0   000ED
__pcstackBANK1                          cstackBANK1   0019C
__pcstackCOMRAM                         cstackCOMRAM  00001
__pdataBANK0                            dataBANK0     000FB
__pdataBANK1                            dataBANK1     001A9
__pdataCOMRAM                           dataCOMRAM    00054
__pidataBANK0                           idataBANK0    01650
__pidataBANK1                           idataBANK1    01648
__pidataCOMRAM                          idataCOMRAM   01654
__pintcode                              intcode       00008
__psmallconst                           smallconst    00F00
__ptext0                                text0         01438
__ptext1                                text1         01542
__ptext10                               text10        0135C
__ptext12                               text12        01618
__ptext13                               text13        00FC6
__ptext14                               text14        0124C
__ptext15                               text15        0149A
__ptext16                               text16        015A2
__ptext17                               text17        01578
__ptext18                               text18        014F0
__ptext19                               text19        0163E
__ptext2                                text2         01652
__ptext20                               text20        015E6
__ptext3                                text3         01600
__ptext4                                text4         013D2
__ptext5                                text5         01630
__ptext6                                text6         011BA
__ptext7                                text7         012D8
__ptext8                                text8         015CA
__ptext9                                text9         0107C
__ramtop                                ramtop        00F00
__size_of_DELAY_ms                      (abs)         00000
__size_of_I2CTask                       (abs)         00000
__size_of_I2CWrite                      (abs)         00000
__size_of_LCD_Initialize                (abs)         00000
__size_of_PHYGetLongRAMAddr             (abs)         00000
__size_of_PHYGetShortRAMAddr            (abs)         00000
__size_of_PHYSetShortRAMAddr            (abs)         00000
__size_of_SPIGet                        (abs)         00000
__size_of_SPIPut                        (abs)         00000
__size_of_SYSTEM_Initialize             (abs)         00000
__size_of_UserInterruptHandler          (abs)         00000
__size_of___lmul                        (abs)         00000
__size_of__uartPrint                    (abs)         00000
__size_of_high_isr                      (abs)         00000
__size_of_main                          (abs)         00000
__size_of_uartInitialize                (abs)         00000
__size_of_uartRead                      (abs)         00000
__size_of_uartWrite                     (abs)         00000
__size_of_vT100EraseEndOfLine           (abs)         00000
__size_ofi2_DELAY_ms                    (abs)         00000
__size_ofi2___lmul                      (abs)         00000
__smallconst                            smallconst    00F00
__uartPrint                             text4         013D2
__uartPrint@i                           cstackBANK0   000F2
__uartPrint@str                         cstackBANK0   000EE
_currentChannel                         bssCOMRAM     00053
_defaultHops                            dataBANK0     000FC
_dpowers                                smallconst    00F49
_failureCounter                         bssBANK0      00093
_hexpowers                              smallconst    00F53
_high_isr                               intcode       00008
_knownCoordinators                      bssBANK0      0009A
_main                                   text0         01438
_myLongAddress                          dataBANK1     001A9
_myNetworkAddress                       bssBANK0      000E9
_myPANID                                bssCOMRAM     0004D
_myParent                               bssCOMRAM     00047
_myShortAddress                         bssCOMRAM     0004F
_octpowers                              smallconst    00F3D
_openSocketInfo                         bssBANK0      000CF
_role                                   bssCOMRAM     00048
_rxMessage                              bssBANK0      00060
_switch0PressTime                       bssBANK0      00086
_switch1PressTime                       bssBANK0      0008A
_tempLongAddress                        bssBANK0      0007A
_tempNodeStatus                         bssCOMRAM     00049
_tempPANID                              bssBANK0      000EB
_tempShortAddress                       bssCOMRAM     00051
_timerExtension1                        bssCOMRAM     0004A
_timerExtension2                        bssBANK0      0009B
_uartInitialize                         text3         01600
_uartRead                               text1         01542
_uartWrite                              text5         01630
_vT100EraseEndOfLine                    text2         01652
btemp                                   temp          00055
end_of_initialization                   cinit         011AC
high_isr@RxBank                         cstackCOMRAM  00029
high_isr@flags                          cstackCOMRAM  00027
high_isr@i                              cstackCOMRAM  0002A
high_isr@results                        cstackCOMRAM  00026
i2DELAY_ms@cyclesRequiredForEntireDelay cstackCOMRAM  0000F
i2DELAY_ms@ms                           cstackCOMRAM  0000D
i2_DELAY_ms                             text14        0124C
i2___lmul                               text15        0149A
i2___lmul@multiplicand                  cstackCOMRAM  00005
i2___lmul@multiplier                    cstackCOMRAM  00001
i2___lmul@product                       cstackCOMRAM  00009
int$flags                               temp          00055
intlevel0                               text          00000
intlevel1                               text          00000
intlevel2                               text          00000
intlevel3                               text          00000
main@i                                  cstackBANK1   001A7
main@tab_char                           cstackBANK1   001A0
stackhi                                 (abs)         00EBF
stacklo                                 (abs)         0038C
start                                   init          001F2
start_initialization                    cinit         01126
uartRead@val                            cstackBANK0   000EE
uartWrite@c                             cstackBANK0   000ED


FUNCTION INFORMATION:

 *************** function _main *****************
 Defined at:
		line 42 in file "../firmware/src/main.c"
 Parameters:    Size  Location     Type
		None
 Auto vars:     Size  Location     Type
  tab_char        7    4[BANK1 ] unsigned char [7]
  i               2   11[BANK1 ] int 
 Return value:  Size  Location     Type
                  1    wreg      void 
 Registers used:
		wreg, fsr2l, fsr2h, status,2, status,0, tblptrl, tblptrh, tblptru, cstack
 Tracked objects:
		On entry : 
		On exit  : 
		Unchanged: 
 Data sizes:     COMRAM   BANK0   BANK1   BANK2   BANK3   BANK4   BANK5   BANK6   BANK7   BANK8   BANK9  BANK10  BANK11  BANK12  BANK13  BANK14
      Params:         0       0       0       0       0       0       0       0       0       0       0       0       0       0       0       0
      Locals:         0       0       9       0       0       0       0       0       0       0       0       0       0       0       0       0
      Temps:          0       0       0       0       0       0       0       0       0       0       0       0       0       0       0       0
      Totals:         0       0       9       0       0       0       0       0       0       0       0       0       0       0       0       0
Total ram usage:        9 bytes
 Hardware stack levels required when called:    9
 This function calls:
		_SYSTEM_Initialize
		__uartPrint
		_uartInitialize
		_uartRead
 This function is called by:
		Startup code after reset
 This function uses a non-reentrant model


 *************** function _uartRead *****************
 Defined at:
		line 51 in file "../firmware/src/VT100.c"
 Parameters:    Size  Location     Type
		None
 Auto vars:     Size  Location     Type
  val             1    1[BANK0 ] unsigned char 
 Return value:  Size  Location     Type
                  1    wreg      unsigned char 
 Registers used:
		wreg, status,2, status,0, cstack
 Tracked objects:
		On entry : 
		On exit  : 
		Unchanged: 
 Data sizes:     COMRAM   BANK0   BANK1   BANK2   BANK3   BANK4   BANK5   BANK6   BANK7   BANK8   BANK9  BANK10  BANK11  BANK12  BANK13  BANK14
      Params:         0       0       0       0       0       0       0       0       0       0       0       0       0       0       0       0
      Locals:         0       1       0       0       0       0       0       0       0       0       0       0       0       0       0       0
      Temps:          0       0       0       0       0       0       0       0       0       0       0       0       0       0       0       0
      Totals:         0       1       0       0       0       0       0       0       0       0       0       0       0       0       0       0
Total ram usage:        1 bytes
 Hardware stack levels used:    1
 Hardware stack levels required when called:    6
 This function calls:
		_uartWrite
		_vT100EraseEndOfLine
 This function is called by:
		_main
 This function uses a non-reentrant model


 *************** function _vT100EraseEndOfLine *****************
 Defined at:
		line 143 in file "../firmware/src/VT100.c"
 Parameters:    Size  Location     Type
		None
 Auto vars:     Size  Location     Type
		None
 Return value:  Size  Location     Type
                  1    wreg      void 
 Registers used:
		None
 Tracked objects:
		On entry : 
		On exit  : 
		Unchanged: 
 Data sizes:     COMRAM   BANK0   BANK1   BANK2   BANK3   BANK4   BANK5   BANK6   BANK7   BANK8   BANK9  BANK10  BANK11  BANK12  BANK13  BANK14
      Params:         0       0       0       0       0       0       0       0       0       0       0       0       0       0       0       0
      Locals:         0       0       0       0       0       0       0       0       0       0       0       0       0       0       0       0
      Temps:          0       0       0       0       0       0       0       0       0       0       0       0       0       0       0       0
      Totals:         0       0       0       0       0       0       0       0       0       0       0       0       0       0       0       0
Total ram usage:        0 bytes
 Hardware stack levels used:    1
 Hardware stack levels required when called:    5
 This function calls:
		Nothing
 This function is called by:
		_uartRead
 This function uses a non-reentrant model


 *************** function _uartInitialize *****************
 Defined at:
		line 30 in file "../firmware/src/VT100.c"
 Parameters:    Size  Location     Type
		None
 Auto vars:     Size  Location     Type
		None
 Return value:  Size  Location     Type
                  1    wreg      void 
 Registers used:
		wreg, status,2
 Tracked objects:
		On entry : 
		On exit  : 
		Unchanged: 
 Data sizes:     COMRAM   BANK0   BANK1   BANK2   BANK3   BANK4   BANK5   BANK6   BANK7   BANK8   BANK9  BANK10  BANK11  BANK12  BANK13  BANK14
      Params:         0       0       0       0       0       0       0       0       0       0       0       0       0       0       0       0
      Locals:         0       0       0       0       0       0       0       0       0       0       0       0       0       0       0       0
      Temps:          0       0       0       0       0       0       0       0       0       0       0       0       0       0       0       0
      Totals:         0       0       0       0       0       0       0       0       0       0       0       0       0       0       0       0
Total ram usage:        0 bytes
 Hardware stack levels used:    1
 Hardware stack levels required when called:    5
 This function calls:
		Nothing
 This function is called by:
		_main
 This function uses a non-reentrant model


 *************** function __uartPrint *****************
 Defined at:
		line 77 in file "../firmware/src/VT100.c"
 Parameters:    Size  Location     Type
  str             2    1[BANK0 ] PTR unsigned char 
		 -> STR_4(15), STR_3(22), 
 Auto vars:     Size  Location     Type
  i               2    5[BANK0 ] int 
 Return value:  Size  Location     Type
                  1    wreg      void 
 Registers used:
		wreg, status,2, status,0, tblptrl, tblptrh, tblptru, cstack
 Tracked objects:
		On entry : 
		On exit  : 
		Unchanged: 
 Data sizes:     COMRAM   BANK0   BANK1   BANK2   BANK3   BANK4   BANK5   BANK6   BANK7   BANK8   BANK9  BANK10  BANK11  BANK12  BANK13  BANK14
      Params:         0       2       0       0       0       0       0       0       0       0       0       0       0       0       0       0
      Locals:         0       2       0       0       0       0       0       0       0       0       0       0       0       0       0       0
      Temps:          0       2       0       0       0       0       0       0       0       0       0       0       0       0       0       0
      Totals:         0       6       0       0       0       0       0       0       0       0       0       0       0       0       0       0
Total ram usage:        6 bytes
 Hardware stack levels used:    1
 Hardware stack levels required when called:    6
 This function calls:
		_uartWrite
 This function is called by:
		_main
 This function uses a non-reentrant model


 *************** function _uartWrite *****************
 Defined at:
		line 69 in file "../firmware/src/VT100.c"
 Parameters:    Size  Location     Type
  c               1    wreg     unsigned char 
 Auto vars:     Size  Location     Type
  c               1    0[BANK0 ] unsigned char 
 Return value:  Size  Location     Type
                  1    wreg      void 
 Registers used:
		wreg
 Tracked objects:
		On entry : 
		On exit  : 
		Unchanged: 
 Data sizes:     COMRAM   BANK0   BANK1   BANK2   BANK3   BANK4   BANK5   BANK6   BANK7   BANK8   BANK9  BANK10  BANK11  BANK12  BANK13  BANK14
      Params:         0       0       0       0       0       0       0       0       0       0       0       0       0       0       0       0
      Locals:         0       1       0       0       0       0       0       0       0       0       0       0       0       0       0       0
      Temps:          0       0       0       0       0       0       0       0       0       0       0       0       0       0       0       0
      Totals:         0       1       0       0       0       0       0       0       0       0       0       0       0       0       0       0
Total ram usage:        1 bytes
 Hardware stack levels used:    1
 Hardware stack levels required when called:    5
 This function calls:
		Nothing
 This function is called by:
		_uartRead
		__uartPrint
		_uartHexaPrint
 This function uses a non-reentrant model


 *************** function _SYSTEM_Initialize *****************
 Defined at:
		line 60 in file "../firmware/src/system_config/8bitwdk_pic18f46j50_24j40/system.c"
 Parameters:    Size  Location     Type
		None
 Auto vars:     Size  Location     Type
		None
 Return value:  Size  Location     Type
                  1    wreg      void 
 Registers used:
		wreg, status,2, status,0, cstack
 Tracked objects:
		On entry : 
		On exit  : 
		Unchanged: 
 Data sizes:     COMRAM   BANK0   BANK1   BANK2   BANK3   BANK4   BANK5   BANK6   BANK7   BANK8   BANK9  BANK10  BANK11  BANK12  BANK13  BANK14
      Params:         0       0       0       0       0       0       0       0       0       0       0       0       0       0       0       0
      Locals:         0       0       0       0       0       0       0       0       0       0       0       0       0       0       0       0
      Temps:          0       0       0       0       0       0       0       0       0       0       0       0       0       0       0       0
      Totals:         0       0       0       0       0       0       0       0       0       0       0       0       0       0       0       0
Total ram usage:        0 bytes
 Hardware stack levels used:    1
 Hardware stack levels required when called:    8
 This function calls:
		_LCD_Initialize
 This function is called by:
		_main
 This function uses a non-reentrant model


 *************** function _LCD_Initialize *****************
 Defined at:
		line 149 in file "../firmware/src/system_config/8bitwdk_pic18f46j50_24j40/lcd.c"
 Parameters:    Size  Location     Type
		None
 Auto vars:     Size  Location     Type
		None
 Return value:  Size  Location     Type
                  1    wreg      void 
 Registers used:
		wreg, status,2, status,0, cstack
 Tracked objects:
		On entry : 
		On exit  : 
		Unchanged: 
 Data sizes:     COMRAM   BANK0   BANK1   BANK2   BANK3   BANK4   BANK5   BANK6   BANK7   BANK8   BANK9  BANK10  BANK11  BANK12  BANK13  BANK14
      Params:         0       0       0       0       0       0       0       0       0       0       0       0       0       0       0       0
      Locals:         0       0       0       0       0       0       0       0       0       0       0       0       0       0       0       0
      Temps:          0       0       0       0       0       0       0       0       0       0       0       0       0       0       0       0
      Totals:         0       0       0       0       0       0       0       0       0       0       0       0       0       0       0       0
Total ram usage:        0 bytes
 Hardware stack levels used:    1
 Hardware stack levels required when called:    7
 This function calls:
		_DELAY_ms
		_I2CWrite
 This function is called by:
		_SYSTEM_Initialize
 This function uses a non-reentrant model


 *************** function _I2CWrite *****************
 Defined at:
		line 123 in file "../firmware/src/system_config/8bitwdk_pic18f46j50_24j40/lcd.c"
 Parameters:    Size  Location     Type
  Commandlen      1    wreg     unsigned char 
  BufferLen       1    0[BANK0 ] unsigned char 
 Auto vars:     Size  Location     Type
  Commandlen      1    1[BANK0 ] unsigned char 
 Return value:  Size  Location     Type
                  1    wreg      void 
 Registers used:
		wreg, status,2
 Tracked objects:
		On entry : 
		On exit  : 
		Unchanged: 
 Data sizes:     COMRAM   BANK0   BANK1   BANK2   BANK3   BANK4   BANK5   BANK6   BANK7   BANK8   BANK9  BANK10  BANK11  BANK12  BANK13  BANK14
      Params:         0       1       0       0       0       0       0       0       0       0       0       0       0       0       0       0
      Locals:         0       1       0       0       0       0       0       0       0       0       0       0       0       0       0       0
      Temps:          0       0       0       0       0       0       0       0       0       0       0       0       0       0       0       0
      Totals:         0       2       0       0       0       0       0       0       0       0       0       0       0       0       0       0
Total ram usage:        2 bytes
 Hardware stack levels used:    1
 Hardware stack levels required when called:    5
 This function calls:
		Nothing
 This function is called by:
		_LCD_Initialize
		_LCD_Update
		_LCDBacklightON
		_LCDBacklightOFF
 This function uses a non-reentrant model


 *************** function _DELAY_ms *****************
 Defined at:
		line 108 in file "../firmware/src/system_config/8bitwdk_pic18f46j50_24j40/delay.c"
 Parameters:    Size  Location     Type
  ms              2   12[BANK0 ] unsigned int 
 Auto vars:     Size  Location     Type
  cyclesRequir    4    0[BANK1 ] long 
 Return value:  Size  Location     Type
                  1    wreg      void 
 Registers used:
		wreg, status,2, status,0, cstack
 Tracked objects:
		On entry : 
		On exit  : 
		Unchanged: 
 Data sizes:     COMRAM   BANK0   BANK1   BANK2   BANK3   BANK4   BANK5   BANK6   BANK7   BANK8   BANK9  BANK10  BANK11  BANK12  BANK13  BANK14
      Params:         0       2       0       0       0       0       0       0       0       0       0       0       0       0       0       0
      Locals:         0       0       4       0       0       0       0       0       0       0       0       0       0       0       0       0
      Temps:          0       0       0       0       0       0       0       0       0       0       0       0       0       0       0       0
      Totals:         0       2       4       0       0       0       0       0       0       0       0       0       0       0       0       0
Total ram usage:        6 bytes
 Hardware stack levels used:    1
 Hardware stack levels required when called:    6
 This function calls:
		___lmul
 This function is called by:
		_LCD_Initialize
		_LCDDisplay
		_LCDBacklightON
		_LCDBacklightOFF
 This function uses a non-reentrant model


 *************** function ___lmul *****************
 Defined at:
		line 15 in file "C:\Program Files (x86)\Microchip\xc8\v1.38\sources\common\Umul32.c"
 Parameters:    Size  Location     Type
  multiplier      4    0[BANK0 ] unsigned long 
  multiplicand    4    4[BANK0 ] unsigned long 
 Auto vars:     Size  Location     Type
  product         4    8[BANK0 ] unsigned long 
 Return value:  Size  Location     Type
                  4    0[BANK0 ] unsigned long 
 Registers used:
		wreg, status,2, status,0
 Tracked objects:
		On entry : 
		On exit  : 
		Unchanged: 
 Data sizes:     COMRAM   BANK0   BANK1   BANK2   BANK3   BANK4   BANK5   BANK6   BANK7   BANK8   BANK9  BANK10  BANK11  BANK12  BANK13  BANK14
      Params:         0       8       0       0       0       0       0       0       0       0       0       0       0       0       0       0
      Locals:         0       4       0       0       0       0       0       0       0       0       0       0       0       0       0       0
      Temps:          0       0       0       0       0       0       0       0       0       0       0       0       0       0       0       0
      Totals:         0      12       0       0       0       0       0       0       0       0       0       0       0       0       0       0
Total ram usage:       12 bytes
 Hardware stack levels used:    1
 Hardware stack levels required when called:    5
 This function calls:
		Nothing
 This function is called by:
		_DELAY_ms
		_DELAY_10us
 This function uses a non-reentrant model


 *************** function _high_isr *****************
 Defined at:
		line 1852 in file "../../MLA/framework/driver/mrf_miwi/src/drv_mrf_miwi_24j40.c"
 Parameters:    Size  Location     Type
		None
 Auto vars:     Size  Location     Type
  results         1   37[COMRAM] struct _DRIVER_UINT8_UNI
  RxBank          1   40[COMRAM] unsigned char 
  flags           2   38[COMRAM] struct .
  i               1   41[COMRAM] unsigned char 
 Return value:  Size  Location     Type
                  1    wreg      void 
 Registers used:
		wreg, fsr2l, fsr2h, status,2, status,0, prodl, prodh, cstack
 Tracked objects:
		On entry : 
		On exit  : 
		Unchanged: 
 Data sizes:     COMRAM   BANK0   BANK1   BANK2   BANK3   BANK4   BANK5   BANK6   BANK7   BANK8   BANK9  BANK10  BANK11  BANK12  BANK13  BANK14
      Params:         0       0       0       0       0       0       0       0       0       0       0       0       0       0       0       0
      Locals:         5       0       0       0       0       0       0       0       0       0       0       0       0       0       0       0
      Temps:         19       0       0       0       0       0       0       0       0       0       0       0       0       0       0       0
      Totals:        24       0       0       0       0       0       0       0       0       0       0       0       0       0       0       0
Total ram usage:       24 bytes
 Hardware stack levels used:    1
 Hardware stack levels required when called:    4
 This function calls:
		_PHYGetLongRAMAddr
		_PHYGetShortRAMAddr
		_PHYSetShortRAMAddr
		_UserInterruptHandler
 This function is called by:
		Interrupt level 2
 This function uses a non-reentrant model


 *************** function _UserInterruptHandler *****************
 Defined at:
		line 345 in file "../firmware/src/system_config/8bitwdk_pic18f46j50_24j40/lcd.c"
 Parameters:    Size  Location     Type
		None
 Auto vars:     Size  Location     Type
		None
 Return value:  Size  Location     Type
                  1    wreg      void 
 Registers used:
		wreg, fsr2l, fsr2h, status,2, status,0, prodl, prodh, cstack
 Tracked objects:
		On entry : 
		On exit  : 
		Unchanged: 
 Data sizes:     COMRAM   BANK0   BANK1   BANK2   BANK3   BANK4   BANK5   BANK6   BANK7   BANK8   BANK9  BANK10  BANK11  BANK12  BANK13  BANK14
      Params:         0       0       0       0       0       0       0       0       0       0       0       0       0       0       0       0
      Locals:         0       0       0       0       0       0       0       0       0       0       0       0       0       0       0       0
      Temps:          0       0       0       0       0       0       0       0       0       0       0       0       0       0       0       0
      Totals:         0       0       0       0       0       0       0       0       0       0       0       0       0       0       0       0
Total ram usage:        0 bytes
 Hardware stack levels used:    1
 Hardware stack levels required when called:    3
 This function calls:
		_I2CTask
		i2_DELAY_ms
 This function is called by:
		_high_isr
 This function uses a non-reentrant model


 *************** function _I2CTask *****************
 Defined at:
		line 65 in file "../firmware/src/system_config/8bitwdk_pic18f46j50_24j40/lcd.c"
 Parameters:    Size  Location     Type
		None
 Auto vars:     Size  Location     Type
		None
 Return value:  Size  Location     Type
                  1    wreg      void 
 Registers used:
		wreg, fsr2l, fsr2h, status,2, status,0, prodl, prodh, cstack
 Tracked objects:
		On entry : 
		On exit  : 
		Unchanged: 
 Data sizes:     COMRAM   BANK0   BANK1   BANK2   BANK3   BANK4   BANK5   BANK6   BANK7   BANK8   BANK9  BANK10  BANK11  BANK12  BANK13  BANK14
      Params:         0       0       0       0       0       0       0       0       0       0       0       0       0       0       0       0
      Locals:         0       0       0       0       0       0       0       0       0       0       0       0       0       0       0       0
      Temps:          0       0       0       0       0       0       0       0       0       0       0       0       0       0       0       0
      Totals:         0       0       0       0       0       0       0       0       0       0       0       0       0       0       0       0
Total ram usage:        0 bytes
 Hardware stack levels used:    1
 Hardware stack levels required when called:    2
 This function calls:
		i2_DELAY_ms
 This function is called by:
		_UserInterruptHandler
 This function uses a non-reentrant model


 *************** function i2_DELAY_ms *****************
 Defined at:
		line 108 in file "../firmware/src/system_config/8bitwdk_pic18f46j50_24j40/delay.c"
 Parameters:    Size  Location     Type
  ms              2   12[COMRAM] unsigned int 
 Auto vars:     Size  Location     Type
  DELAY_ms        4   14[COMRAM] long 
 Return value:  Size  Location     Type
                  1    wreg      void 
 Registers used:
		wreg, status,2, status,0, cstack
 Tracked objects:
		On entry : 
		On exit  : 
		Unchanged: 
 Data sizes:     COMRAM   BANK0   BANK1   BANK2   BANK3   BANK4   BANK5   BANK6   BANK7   BANK8   BANK9  BANK10  BANK11  BANK12  BANK13  BANK14
      Params:         2       0       0       0       0       0       0       0       0       0       0       0       0       0       0       0
      Locals:         4       0       0       0       0       0       0       0       0       0       0       0       0       0       0       0
      Temps:          0       0       0       0       0       0       0       0       0       0       0       0       0       0       0       0
      Totals:         6       0       0       0       0       0       0       0       0       0       0       0       0       0       0       0
Total ram usage:        6 bytes
 Hardware stack levels used:    1
 Hardware stack levels required when called:    1
 This function calls:
		i2___lmul
 This function is called by:
		_I2CTask
		_UserInterruptHandler
 This function uses a non-reentrant model


 *************** function i2___lmul *****************
 Defined at:
		line 15 in file "C:\Program Files (x86)\Microchip\xc8\v1.38\sources\common\Umul32.c"
 Parameters:    Size  Location     Type
  multiplier      4    0[COMRAM] unsigned long 
  multiplicand    4    4[COMRAM] unsigned long 
 Auto vars:     Size  Location     Type
  __lmul          4    8[COMRAM] unsigned long 
 Return value:  Size  Location     Type
                  4    0[COMRAM] unsigned long 
 Registers used:
		wreg, status,2, status,0
 Tracked objects:
		On entry : 
		On exit  : 
		Unchanged: 
 Data sizes:     COMRAM   BANK0   BANK1   BANK2   BANK3   BANK4   BANK5   BANK6   BANK7   BANK8   BANK9  BANK10  BANK11  BANK12  BANK13  BANK14
      Params:         8       0       0       0       0       0       0       0       0       0       0       0       0       0       0       0
      Locals:         4       0       0       0       0       0       0       0       0       0       0       0       0       0       0       0
      Temps:          0       0       0       0       0       0       0       0       0       0       0       0       0       0       0       0
      Totals:        12       0       0       0       0       0       0       0       0       0       0       0       0       0       0       0
Total ram usage:       12 bytes
 Hardware stack levels used:    1
 This function calls:
		Nothing
 This function is called by:
		i2_DELAY_ms
 This function uses a non-reentrant model


 *************** function _PHYSetShortRAMAddr *****************
 Defined at:
		line 124 in file "../../MLA/framework/driver/mrf_miwi/src/drv_mrf_miwi_24j40.c"
 Parameters:    Size  Location     Type
  address         1    wreg     unsigned char 
  value           1    2[COMRAM] unsigned char 
 Auto vars:     Size  Location     Type
  address         1    3[COMRAM] unsigned char 
  tmpRFIE         1    4[COMRAM] volatile unsigned char 
 Return value:  Size  Location     Type
                  1    wreg      void 
 Registers used:
		wreg, status,2, cstack
 Tracked objects:
		On entry : 
		On exit  : 
		Unchanged: 
 Data sizes:     COMRAM   BANK0   BANK1   BANK2   BANK3   BANK4   BANK5   BANK6   BANK7   BANK8   BANK9  BANK10  BANK11  BANK12  BANK13  BANK14
      Params:         1       0       0       0       0       0       0       0       0       0       0       0       0       0       0       0
      Locals:         2       0       0       0       0       0       0       0       0       0       0       0       0       0       0       0
      Temps:          0       0       0       0       0       0       0       0       0       0       0       0       0       0       0       0
      Totals:         3       0       0       0       0       0       0       0       0       0       0       0       0       0       0       0
Total ram usage:        3 bytes
 Hardware stack levels used:    1
 Hardware stack levels required when called:    1
 This function calls:
		_SPIPut
 This function is called by:
		_high_isr
		_InitMRF24J40
		_MiMAC_SendPacket
		_MiMAC_SetChannel
		_MiMAC_SetAltAddress
 This function uses a non-reentrant model


 *************** function _PHYGetShortRAMAddr *****************
 Defined at:
		line 154 in file "../../MLA/framework/driver/mrf_miwi/src/drv_mrf_miwi_24j40.c"
 Parameters:    Size  Location     Type
  address         1    wreg     unsigned char 
 Auto vars:     Size  Location     Type
  address         1    2[COMRAM] unsigned char 
  tmpRFIE         1    4[COMRAM] volatile unsigned char 
  toReturn        1    3[COMRAM] unsigned char 
 Return value:  Size  Location     Type
                  1    wreg      unsigned char 
 Registers used:
		wreg, status,2, cstack
 Tracked objects:
		On entry : 
		On exit  : 
		Unchanged: 
 Data sizes:     COMRAM   BANK0   BANK1   BANK2   BANK3   BANK4   BANK5   BANK6   BANK7   BANK8   BANK9  BANK10  BANK11  BANK12  BANK13  BANK14
      Params:         0       0       0       0       0       0       0       0       0       0       0       0       0       0       0       0
      Locals:         3       0       0       0       0       0       0       0       0       0       0       0       0       0       0       0
      Temps:          0       0       0       0       0       0       0       0       0       0       0       0       0       0       0       0
      Totals:         3       0       0       0       0       0       0       0       0       0       0       0       0       0       0       0
Total ram usage:        3 bytes
 Hardware stack levels used:    1
 Hardware stack levels required when called:    2
 This function calls:
		_SPIGet
		_SPIPut
 This function is called by:
		_high_isr
		_InitMRF24J40
 This function uses a non-reentrant model


 *************** function _PHYGetLongRAMAddr *****************
 Defined at:
		line 185 in file "../../MLA/framework/driver/mrf_miwi/src/drv_mrf_miwi_24j40.c"
 Parameters:    Size  Location     Type
  address         2    2[COMRAM] unsigned int 
 Auto vars:     Size  Location     Type
  tmpRFIE         1    7[COMRAM] volatile unsigned char 
  toReturn        1    6[COMRAM] unsigned char 
 Return value:  Size  Location     Type
                  1    wreg      unsigned char 
 Registers used:
		wreg, status,2, status,0, cstack
 Tracked objects:
		On entry : 
		On exit  : 
		Unchanged: 
 Data sizes:     COMRAM   BANK0   BANK1   BANK2   BANK3   BANK4   BANK5   BANK6   BANK7   BANK8   BANK9  BANK10  BANK11  BANK12  BANK13  BANK14
      Params:         2       0       0       0       0       0       0       0       0       0       0       0       0       0       0       0
      Locals:         2       0       0       0       0       0       0       0       0       0       0       0       0       0       0       0
      Temps:          2       0       0       0       0       0       0       0       0       0       0       0       0       0       0       0
      Totals:         6       0       0       0       0       0       0       0       0       0       0       0       0       0       0       0
Total ram usage:        6 bytes
 Hardware stack levels used:    1
 Hardware stack levels required when called:    2
 This function calls:
		_SPIGet
		_SPIPut
 This function is called by:
		_high_isr
		_InitMRF24J40
 This function uses a non-reentrant model


 *************** function _SPIGet *****************
 Defined at:
		line 102 in file "../firmware/src/system_config/8bitwdk_pic18f46j50_24j40/spi.c"
 Parameters:    Size  Location     Type
		None
 Auto vars:     Size  Location     Type
		None
 Return value:  Size  Location     Type
                  1    wreg      unsigned char 
 Registers used:
		wreg, status,2, cstack
 Tracked objects:
		On entry : 
		On exit  : 
		Unchanged: 
 Data sizes:     COMRAM   BANK0   BANK1   BANK2   BANK3   BANK4   BANK5   BANK6   BANK7   BANK8   BANK9  BANK10  BANK11  BANK12  BANK13  BANK14
      Params:         0       0       0       0       0       0       0       0       0       0       0       0       0       0       0       0
      Locals:         0       0       0       0       0       0       0       0       0       0       0       0       0       0       0       0
      Temps:          0       0       0       0       0       0       0       0       0       0       0       0       0       0       0       0
      Totals:         0       0       0       0       0       0       0       0       0       0       0       0       0       0       0       0
Total ram usage:        0 bytes
 Hardware stack levels used:    1
 Hardware stack levels required when called:    1
 This function calls:
		_SPIPut
 This function is called by:
		_PHYGetShortRAMAddr
		_PHYGetLongRAMAddr
 This function uses a non-reentrant model


 *************** function _SPIPut *****************
 Defined at:
		line 45 in file "../firmware/src/system_config/8bitwdk_pic18f46j50_24j40/spi.c"
 Parameters:    Size  Location     Type
  v               1    wreg     unsigned char 
 Auto vars:     Size  Location     Type
  v               1    1[COMRAM] unsigned char 
  i               1    0[COMRAM] unsigned char 
 Return value:  Size  Location     Type
                  1    wreg      void 
 Registers used:
		wreg
 Tracked objects:
		On entry : 
		On exit  : 
		Unchanged: 
 Data sizes:     COMRAM   BANK0   BANK1   BANK2   BANK3   BANK4   BANK5   BANK6   BANK7   BANK8   BANK9  BANK10  BANK11  BANK12  BANK13  BANK14
      Params:         0       0       0       0       0       0       0       0       0       0       0       0       0       0       0       0
      Locals:         2       0       0       0       0       0       0       0       0       0       0       0       0       0       0       0
      Temps:          0       0       0       0       0       0       0       0       0       0       0       0       0       0       0       0
      Totals:         2       0       0       0       0       0       0       0       0       0       0       0       0       0       0       0
Total ram usage:        2 bytes
 Hardware stack levels used:    1
 This function calls:
		Nothing
 This function is called by:
		_SPIGet
		_PHYSetShortRAMAddr
		_PHYGetShortRAMAddr
		_PHYGetLongRAMAddr
		_PHYSetLongRAMAddr
 This function uses a non-reentrant model



MODULE INFORMATION

Module		Function		Class		Link	Load	Size
../firmware/src/system_config/8bitwdk_pic18f46j50_24j40/spi.c
		_SPIGet        		CODE           	163E	0000	11
		_SPIPut        		CODE           	15E6	0000	27

../firmware/src/system_config/8bitwdk_pic18f46j50_24j40/spi.c estimated size: 38

C:\Program Files (x86)\Microchip\xc8\v1.38\sources\common\Umul32.c
		___lmul        		CODE           	135C	0000	119

C:\Program Files (x86)\Microchip\xc8\v1.38\sources\common\Umul32.c estimated size: 119

../firmware/src/system_config/8bitwdk_pic18f46j50_24j40/delay.c
		_DELAY_ms      		CODE           	107C	0000	171

../firmware/src/system_config/8bitwdk_pic18f46j50_24j40/delay.c estimated size: 171

../firmware/src/system_config/8bitwdk_pic18f46j50_24j40/lcd.c
		_LCD_Initialize		CODE           	12D8	0000	133
		_UserInterruptHandler		CODE           	1618	0000	25
		_I2CWrite      		CODE           	15CA	0000	29
		_I2CTask       		CODE           	0FC6	0000	183

../firmware/src/system_config/8bitwdk_pic18f46j50_24j40/lcd.c estimated size: 370

shared
		i2_DELAY_ms    		CODE           	124C	0000	141
		_dpowers       		SMALLCONST     	0F49	0000	11
		_ScanTime      		SMALLCONST     	0F01	0000	61
		__initialization		CODE           	1126	0000	135
		i2___lmul      		CODE           	149A	0000	87
		_octpowers     		SMALLCONST     	0F3D	0000	13
		_hexpowers     		SMALLCONST     	0F53	0000	9

shared estimated size: 457

../firmware/src/main.c
		_main          		CODE           	1438	0000	99

../firmware/src/main.c estimated size: 99

../../MLA/framework/driver/mrf_miwi/src/drv_mrf_miwi_24j40.c
		_PHYGetLongRAMAddr		CODE           	14F0	0000	83
		_PHYGetShortRAMAddr		CODE           	1578	0000	43
		_PHYSetShortRAMAddr		CODE           	15A2	0000	41
		_high_isr      		CODE           	0008	0000	491

../../MLA/framework/driver/mrf_miwi/src/drv_mrf_miwi_24j40.c estimated size: 658

../firmware/src/system_config/8bitwdk_pic18f46j50_24j40/system.c
		_SYSTEM_Initialize		CODE           	11BA	0000	147

../firmware/src/system_config/8bitwdk_pic18f46j50_24j40/system.c estimated size: 147

../firmware/src/VT100.c
		_uartInitialize		CODE           	1600	0000	25
		__uartPrint    		CODE           	13D2	0000	103
		_vT100EraseEndOfLine		CODE           	1652	0000	3
		_uartWrite     		CODE           	1630	0000	15
		_uartRead      		CODE           	1542	0000	55

../firmware/src/VT100.c estimated size: 201

